03-10 17:36:27.014 D/nativeloader(10221): Configuring clns-7 for other apk /data/app/~~tVe_s556piJsR3Qrcf06Ow==/com.ethran.notable-9pIauBCdtfIQwxenb69XuQ==/base.apk. target_sdk_version=35, uses_libraries=, library_path=/data/app/~~tVe_s556piJsR3Qrcf06Ow==/com.ethran.notable-9pIauBCdtfIQwxenb69XuQ==/lib/arm64:/data/app/~~tVe_s556piJsR3Qrcf06Ow==/com.ethran.notable-9pIauBCdtfIQwxenb69XuQ==/base.apk!/lib/arm64-v8a, permitted_path=/data:/mnt/expand:/data/user/0/com.ethran.notable
03-10 17:36:27.133 I/AppsFilter( 1636): interaction: PackageSetting{69d1298 com.ethran.notable/10143} -> PackageSetting{b22c57b com.android.cts.priv.ctsshim/10109} BLOCKED
03-10 17:36:27.133 I/AppsFilter( 1636): interaction: PackageSetting{69d1298 com.ethran.notable/10143} -> PackageSetting{e1bbf98 com.android.uwb.resources/10096} BLOCKED
03-10 17:36:27.133 I/AppsFilter( 1636): interaction: PackageSetting{69d1298 com.ethran.notable/10143} -> PackageSetting{dc113f1 com.android.internal.display.cutout.emulation.corner/10008} BLOCKED
03-10 17:36:27.133 I/AppsFilter( 1636): interaction: PackageSetting{69d1298 com.ethran.notable/10143} -> PackageSetting{caf1bd6 org.chromium.chrome/10040} BLOCKED
03-10 17:36:27.133 I/AppsFilter( 1636): interaction: PackageSetting{69d1298 com.ethran.notable/10143} -> PackageSetting{e8e3e57 com.tailscale.ipn/10119} BLOCKED
03-10 17:36:27.133 I/AppsFilter( 1636): interaction: PackageSetting{69d1298 com.ethran.notable/10143} -> PackageSetting{7d93d44 com.android.internal.display.cutout.emulation.double/10009} BLOCKED
03-10 17:36:27.134 I/AppsFilter( 1636): interaction: PackageSetting{69d1298 com.ethran.notable/10143} -> PackageSetting{ec1fe2d com.android.healthconnect.controller/10098} BLOCKED
03-10 17:36:27.134 I/AppsFilter( 1636): interaction: PackageSetting{69d1298 com.ethran.notable/10143} -> PackageSetting{7d91f62 md.obsidian/10118} BLOCKED
03-10 17:36:27.134 I/AppsFilter( 1636): interaction: PackageSetting{69d1298 com.ethran.notable/10143} -> PackageSetting{6ce68f3 org.koreader.launcher/10121} BLOCKED
03-10 17:36:27.134 I/AppsFilter( 1636): interaction: PackageSetting{69d1298 com.ethran.notable/10143} -> PackageSetting{8cee9b0 com.android.health.connect.backuprestore/10099} BLOCKED
03-10 17:36:27.134 I/AppsFilter( 1636): interaction: PackageSetting{69d1298 com.ethran.notable/10143} -> PackageSetting{96d5029 com.google.android.ext.shared/10054} BLOCKED
03-10 17:36:27.134 I/AppsFilter( 1636): interaction: PackageSetting{69d1298 com.ethran.notable/10143} -> PackageSetting{aadcfae com.android.virtualmachine.res/10108} BLOCKED
03-10 17:36:27.134 I/AppsFilter( 1636): interaction: PackageSetting{69d1298 com.ethran.notable/10143} -> PackageSetting{fdca14f com.onyx.dict/10035} BLOCKED
03-10 17:36:27.134 I/AppsFilter( 1636): interaction: PackageSetting{69d1298 com.ethran.notable/10143} -> PackageSetting{c30f0dc com.android.providers.telephony.auto_generated_characteristics_rro/10012} BLOCKED
03-10 17:36:27.134 I/AppsFilter( 1636): interaction: PackageSetting{69d1298 com.ethran.notable/10143} -> PackageSetting{61c5e5 com.onyx.android.onyxotaservice/10028} BLOCKED
03-10 17:36:27.134 I/AppsFilter( 1636): interaction: PackageSetting{69d1298 com.ethran.notable/10143} -> PackageSetting{80b38ba com.android.htmlviewer/10044} BLOCKED
03-10 17:36:27.134 I/AppsFilter( 1636): interaction: PackageSetting{69d1298 com.ethran.notable/10143} -> PackageSetting{1ec036b com.android.quicksearchbox/10069} BLOCKED
03-10 17:36:27.134 I/AppsFilter( 1636): interaction: PackageSetting{69d1298 com.ethran.notable/10143} -> PackageSetting{a4a3ec8 com.quicinc.voice.activation/10086} BLOCKED
03-10 17:36:27.134 I/AppsFilter( 1636): interaction: PackageSetting{69d1298 com.ethran.notable/10143} -> PackageSetting{76ddb61 com.onyx.igetshop/10037} BLOCKED
03-10 17:36:27.134 I/AppsFilter( 1636): interaction: PackageSetting{69d1298 com.ethran.notable/10143} -> PackageSetting{a42686 com.openai.chatgpt/10130} BLOCKED
03-10 17:36:27.134 I/AppsFilter( 1636): interaction: PackageSetting{69d1298 com.ethran.notable/10143} -> PackageSetting{2a2b798 org.fossify.filemanager/10135} BLOCKED
03-10 17:36:27.134 I/AppsFilter( 1636): interaction: PackageSetting{69d1298 com.ethran.notable/10143} -> PackageSetting{3287f74 com.google.android.configupdater/10064} BLOCKED
03-10 17:36:27.134 I/AppsFilter( 1636): interaction: PackageSetting{69d1298 com.ethran.notable/10143} -> PackageSetting{6080a96 com.microsoft.office.excel/10132} BLOCKED
03-10 17:36:27.134 I/AppsFilter( 1636): interaction: PackageSetting{69d1298 com.ethran.notable/10143} -> PackageSetting{6cbcc9d com.android.safetycenter.resources/10113} BLOCKED
03-10 17:36:27.134 I/AppsFilter( 1636): interaction: PackageSetting{69d1298 com.ethran.notable/10143} -> PackageSetting{b8c2512 com.microsoft.skydrive/10133} BLOCKED
03-10 17:36:27.134 I/AppsFilter( 1636): interaction: PackageSetting{69d1298 com.ethran.notable/10143} -> PackageSetting{be374e3 com.android.connectivity.resources/10112} BLOCKED
03-10 17:36:27.134 I/AppsFilter( 1636): interaction: PackageSetting{69d1298 com.ethran.notable/10143} -> PackageSetting{8081ee0 com.android.internal.display.cutout.emulation.hole/10010} BLOCKED
03-10 17:36:27.134 I/AppsFilter( 1636): interaction: PackageSetting{69d1298 com.ethran.notable/10143} -> PackageSetting{61d9599 com.android.internal.display.cutout.emulation.tall/10007} BLOCKED
03-10 17:36:27.135 I/AppsFilter( 1636): interaction: PackageSetting{69d1298 com.ethran.notable/10143} -> PackageSetting{b83805e com.android.modulemetadata/10076} BLOCKED
03-10 17:36:27.135 I/AppsFilter( 1636): interaction: PackageSetting{69d1298 com.ethran.notable/10143} -> PackageSetting{ece7c3f com.android.internal.systemui.navbar.threebutton/10003} BLOCKED
03-10 17:36:27.135 I/AppsFilter( 1636): interaction: PackageSetting{69d1298 com.ethran.notable/10143} -> PackageSetting{f80490c com.android.wifi.dialog/10105} BLOCKED
03-10 17:36:27.135 I/AppsFilter( 1636): interaction: PackageSetting{69d1298 com.ethran.notable/10143} -> PackageSetting{b28f255 biblereader.olivetree/10128} BLOCKED
03-10 17:36:27.135 I/AppsFilter( 1636): interaction: PackageSetting{69d1298 com.ethran.notable/10143} -> PackageSetting{272aa04 com.microsoft.office.onenote/10132} BLOCKED
03-10 17:36:27.135 I/AppsFilter( 1636): interaction: PackageSetting{69d1298 com.ethran.notable/10143} -> PackageSetting{d03446a com.android.settings.intelligence/10065} BLOCKED
03-10 17:36:27.135 I/AppsFilter( 1636): interaction: PackageSetting{69d1298 com.ethran.notable/10143} -> PackageSetting{d389d5b com.microsoft.office.outlook/10134} BLOCKED
03-10 17:36:27.135 I/AppsFilter( 1636): interaction: PackageSetting{69d1298 com.ethran.notable/10143} -> PackageSetting{8535ed1 com.android.printspooler/10033} BLOCKED
03-10 17:36:27.135 I/AppsFilter( 1636): interaction: PackageSetting{69d1298 com.ethran.notable/10143} -> PackageSetting{9093d36 com.android.rkpdapp/10111} BLOCKED
03-10 17:36:27.135 I/AppsFilter( 1636): interaction: PackageSetting{69d1298 com.ethran.notable/10143} -> PackageSetting{6de170d eu.kanade.tachiyomi.yokai/10136} BLOCKED
03-10 17:36:27.135 I/AppsFilter( 1636): interaction: PackageSetting{69d1298 com.ethran.notable/10143} -> PackageSetting{8a3f6c2 com.google.android.apps.docs/10129} BLOCKED
03-10 17:36:27.135 I/AppsFilter( 1636): interaction: PackageSetting{69d1298 com.ethran.notable/10143} -> PackageSetting{db7cbed com.microsoft.office.word/10132} BLOCKED
03-10 17:36:27.135 I/AppsFilter( 1636): interaction: PackageSetting{69d1298 com.ethran.notable/10143} -> PackageSetting{f0b5cd3 org.fdroid.fdroid/10070} BLOCKED
03-10 17:36:27.135 I/AppsFilter( 1636): interaction: PackageSetting{69d1298 com.ethran.notable/10143} -> PackageSetting{c510010 com.google.android.webview/10071} BLOCKED
03-10 17:36:27.135 I/AppsFilter( 1636): interaction: PackageSetting{69d1298 com.ethran.notable/10143} -> PackageSetting{aaa6617 com.microsoft.office.powerpoint/10132} BLOCKED
03-10 17:36:27.135 I/AppsFilter( 1636): interaction: PackageSetting{69d1298 com.ethran.notable/10143} -> PackageSetting{8e21709 com.google.android.contactkeys/10120} BLOCKED
03-10 17:36:27.135 I/AppsFilter( 1636): interaction: PackageSetting{69d1298 com.ethran.notable/10143} -> PackageSetting{53ebd0e com.onyx.kreader/10045} BLOCKED
03-10 17:36:27.135 I/AppsFilter( 1636): interaction: PackageSetting{69d1298 com.ethran.notable/10143} -> PackageSetting{24f32f com.onyx.android.note/10041} BLOCKED
03-10 17:36:27.135 I/AppsFilter( 1636): interaction: PackageSetting{69d1298 com.ethran.notable/10143} -> PackageSetting{72e0d3c com.android.chrome/10125} BLOCKED
03-10 17:36:27.135 I/AppsFilter( 1636): interaction: PackageSetting{69d1298 com.ethran.notable/10143} -> PackageSetting{f0c1ac5 com.android.printservice.recommendation/10032} BLOCKED
03-10 17:36:27.135 I/AppsFilter( 1636): interaction: PackageSetting{69d1298 com.ethran.notable/10143} -> PackageSetting{1ad9c1a com.android.wifi.resources/10103} BLOCKED
03-10 17:36:27.135 I/AppsFilter( 1636): interaction: PackageSetting{69d1298 com.ethran.notable/10143} -> PackageSetting{297934b com.android.theme.font.notoserifsource/10000} BLOCKED
03-10 17:36:27.135 I/AppsFilter( 1636): interaction: PackageSetting{69d1298 com.ethran.notable/10143} -> PackageSetting{e189e41 com.android.internal.display.cutout.emulation.waterfall/10006} BLOCKED
03-10 17:36:27.135 I/AppsFilter( 1636): interaction: PackageSetting{69d1298 com.ethran.notable/10143} -> PackageSetting{7f95fe6 com.android.internal.systemui.navbar.transparent/10004} BLOCKED
03-10 17:36:27.135 I/AppsFilter( 1636): interaction: PackageSetting{69d1298 com.ethran.notable/10143} -> PackageSetting{6b7f13b com.google.android.syncadapters.calendar/10077} BLOCKED
03-10 17:36:27.135 I/AppsFilter( 1636): interaction: PackageSetting{69d1298 com.ethran.notable/10143} -> PackageSetting{24a1927 com.x8bit.bitwarden/10123} BLOCKED
03-10 17:36:27.135 I/AppsFilter( 1636): interaction: PackageSetting{69d1298 com.ethran.notable/10143} -> PackageSetting{860c7d4 com.android.dreams.phototable/10075} BLOCKED
03-10 17:36:27.136 I/AppsFilter( 1636): interaction: PackageSetting{69d1298 com.ethran.notable/10143} -> PackageSetting{fdd7d com.android.smspush/10093} BLOCKED
03-10 17:36:27.136 I/AppsFilter( 1636): interaction: PackageSetting{69d1298 com.ethran.notable/10143} -> PackageSetting{7eb9472 com.android.appsearch.apk/10115} BLOCKED
03-10 17:36:27.136 I/AppsFilter( 1636): interaction: PackageSetting{69d1298 com.ethran.notable/10143} -> PackageSetting{924bbf7 com.android.cts.ctsshim/10110} BLOCKED
03-10 17:36:27.136 I/AppsFilter( 1636): interaction: PackageSetting{69d1298 com.ethran.notable/10143} -> PackageSetting{8b520c3 fr.gaulupeau.apps.InThePoche/10137} BLOCKED
03-10 17:36:27.136 I/AppsFilter( 1636): interaction: PackageSetting{69d1298 com.ethran.notable/10143} -> PackageSetting{eec8d40 com.android.hotspot2.osulogin/10104} BLOCKED
03-10 17:36:27.136 I/AppsFilter( 1636): interaction: PackageSetting{69d1298 com.ethran.notable/10143} -> PackageSetting{d41d479 com.android.companiondevicemanager.auto_generated_characteristics_rro/10014} BLOCKED
03-10 17:36:27.136 I/AppsFilter( 1636): interaction: PackageSetting{69d1298 com.ethran.notable/10143} -> PackageSetting{25a85be com.google.android.gms.location.history/10072} BLOCKED
03-10 17:36:27.136 I/AppsFilter( 1636): interaction: PackageSetting{69d1298 com.ethran.notable/10143} -> PackageSetting{43f061f com.android.internal.systemui.navbar.gestural/10005} BLOCKED
03-10 17:36:27.136 I/AppsFilter( 1636): interaction: PackageSetting{69d1298 com.ethran.notable/10143} -> PackageSetting{dad3d6c com.google.android.overlay.gmsconfig.personalsafety/10013} BLOCKED
03-10 17:36:27.136 I/AppsFilter( 1636): interaction: PackageSetting{69d1298 com.ethran.notable/10143} -> PackageSetting{9023f35 com.android.bluetoothmidiservice/10031} BLOCKED
03-10 17:36:27.136 I/AppsFilter( 1636): interaction: PackageSetting{69d1298 com.ethran.notable/10143} -> PackageSetting{d353fca eu.kanade.tachiyomi.extension.all.komga/10127} BLOCKED
03-10 17:36:27.136 I/AppsFilter( 1636): interaction: PackageSetting{69d1298 com.ethran.notable/10143} -> PackageSetting{957e53b com.qualcomm.qti.gpudrivers.lito.api30/10062} BLOCKED
03-10 17:36:27.136 I/AppsFilter( 1636): interaction: PackageSetting{69d1298 com.ethran.notable/10143} -> PackageSetting{8e6c458 com.qualcomm.qti.server.wigig.tethering.rro/10092} BLOCKED
03-10 17:36:27.136 I/AppsFilter( 1636): interaction: PackageSetting{69d1298 com.ethran.notable/10143} -> PackageSetting{e2499b1 com.android.captiveportallogin/10055} BLOCKED
03-10 17:36:27.136 I/AppsFilter( 1636): interaction: PackageSetting{69d1298 com.ethran.notable/10143} -> PackageSetting{c4f8e96 com.amazon.kindle/10131} BLOCKED
03-10 17:36:27.136 I/AppsFilter( 1636): interaction: PackageSetting{69d1298 com.ethran.notable/10143} -> PackageSetting{9559a17 com.google.android.apps.restore/10066} BLOCKED
03-10 17:36:27.157 I/ActivityTaskManager( 1636): The Process com.ethran.notable Already Exists in BG. So sending its PID: 10221
03-10 17:36:27.158 I/AppsFilter( 1636): interaction: PackageSetting{69d1298 com.ethran.notable/10143} -> PackageSetting{b22c57b com.android.cts.priv.ctsshim/10109} BLOCKED
03-10 17:36:27.158 I/AppsFilter( 1636): interaction: PackageSetting{69d1298 com.ethran.notable/10143} -> PackageSetting{e1bbf98 com.android.uwb.resources/10096} BLOCKED
03-10 17:36:27.158 I/AppsFilter( 1636): interaction: PackageSetting{69d1298 com.ethran.notable/10143} -> PackageSetting{dc113f1 com.android.internal.display.cutout.emulation.corner/10008} BLOCKED
03-10 17:36:27.158 I/AppsFilter( 1636): interaction: PackageSetting{69d1298 com.ethran.notable/10143} -> PackageSetting{caf1bd6 org.chromium.chrome/10040} BLOCKED
03-10 17:36:27.158 I/AppsFilter( 1636): interaction: PackageSetting{69d1298 com.ethran.notable/10143} -> PackageSetting{e8e3e57 com.tailscale.ipn/10119} BLOCKED
03-10 17:36:27.158 I/AppsFilter( 1636): interaction: PackageSetting{69d1298 com.ethran.notable/10143} -> PackageSetting{7d93d44 com.android.internal.display.cutout.emulation.double/10009} BLOCKED
03-10 17:36:27.158 I/AppsFilter( 1636): interaction: PackageSetting{69d1298 com.ethran.notable/10143} -> PackageSetting{ec1fe2d com.android.healthconnect.controller/10098} BLOCKED
03-10 17:36:27.158 I/AppsFilter( 1636): interaction: PackageSetting{69d1298 com.ethran.notable/10143} -> PackageSetting{7d91f62 md.obsidian/10118} BLOCKED
03-10 17:36:27.158 I/AppsFilter( 1636): interaction: PackageSetting{69d1298 com.ethran.notable/10143} -> PackageSetting{6ce68f3 org.koreader.launcher/10121} BLOCKED
03-10 17:36:27.158 I/AppsFilter( 1636): interaction: PackageSetting{69d1298 com.ethran.notable/10143} -> PackageSetting{8cee9b0 com.android.health.connect.backuprestore/10099} BLOCKED
03-10 17:36:27.158 I/AppsFilter( 1636): interaction: PackageSetting{69d1298 com.ethran.notable/10143} -> PackageSetting{96d5029 com.google.android.ext.shared/10054} BLOCKED
03-10 17:36:27.158 I/AppsFilter( 1636): interaction: PackageSetting{69d1298 com.ethran.notable/10143} -> PackageSetting{aadcfae com.android.virtualmachine.res/10108} BLOCKED
03-10 17:36:27.158 I/AppsFilter( 1636): interaction: PackageSetting{69d1298 com.ethran.notable/10143} -> PackageSetting{fdca14f com.onyx.dict/10035} BLOCKED
03-10 17:36:27.158 I/AppsFilter( 1636): interaction: PackageSetting{69d1298 com.ethran.notable/10143} -> PackageSetting{c30f0dc com.android.providers.telephony.auto_generated_characteristics_rro/10012} BLOCKED
03-10 17:36:27.158 I/AppsFilter( 1636): interaction: PackageSetting{69d1298 com.ethran.notable/10143} -> PackageSetting{61c5e5 com.onyx.android.onyxotaservice/10028} BLOCKED
03-10 17:36:27.158 I/AppsFilter( 1636): interaction: PackageSetting{69d1298 com.ethran.notable/10143} -> PackageSetting{80b38ba com.android.htmlviewer/10044} BLOCKED
03-10 17:36:27.158 I/AppsFilter( 1636): interaction: PackageSetting{69d1298 com.ethran.notable/10143} -> PackageSetting{1ec036b com.android.quicksearchbox/10069} BLOCKED
03-10 17:36:27.158 I/AppsFilter( 1636): interaction: PackageSetting{69d1298 com.ethran.notable/10143} -> PackageSetting{a4a3ec8 com.quicinc.voice.activation/10086} BLOCKED
03-10 17:36:27.158 I/AppsFilter( 1636): interaction: PackageSetting{69d1298 com.ethran.notable/10143} -> PackageSetting{76ddb61 com.onyx.igetshop/10037} BLOCKED
03-10 17:36:27.158 I/AppsFilter( 1636): interaction: PackageSetting{69d1298 com.ethran.notable/10143} -> PackageSetting{a42686 com.openai.chatgpt/10130} BLOCKED
03-10 17:36:27.158 I/AppsFilter( 1636): interaction: PackageSetting{69d1298 com.ethran.notable/10143} -> PackageSetting{2a2b798 org.fossify.filemanager/10135} BLOCKED
03-10 17:36:27.158 I/AppsFilter( 1636): interaction: PackageSetting{69d1298 com.ethran.notable/10143} -> PackageSetting{3287f74 com.google.android.configupdater/10064} BLOCKED
03-10 17:36:27.158 I/AppsFilter( 1636): interaction: PackageSetting{69d1298 com.ethran.notable/10143} -> PackageSetting{6080a96 com.microsoft.office.excel/10132} BLOCKED
03-10 17:36:27.159 I/AppsFilter( 1636): interaction: PackageSetting{69d1298 com.ethran.notable/10143} -> PackageSetting{6cbcc9d com.android.safetycenter.resources/10113} BLOCKED
03-10 17:36:27.159 I/AppsFilter( 1636): interaction: PackageSetting{69d1298 com.ethran.notable/10143} -> PackageSetting{b8c2512 com.microsoft.skydrive/10133} BLOCKED
03-10 17:36:27.159 I/AppsFilter( 1636): interaction: PackageSetting{69d1298 com.ethran.notable/10143} -> PackageSetting{be374e3 com.android.connectivity.resources/10112} BLOCKED
03-10 17:36:27.159 I/AppsFilter( 1636): interaction: PackageSetting{69d1298 com.ethran.notable/10143} -> PackageSetting{8081ee0 com.android.internal.display.cutout.emulation.hole/10010} BLOCKED
03-10 17:36:27.159 I/AppsFilter( 1636): interaction: PackageSetting{69d1298 com.ethran.notable/10143} -> PackageSetting{61d9599 com.android.internal.display.cutout.emulation.tall/10007} BLOCKED
03-10 17:36:27.159 D/debugOrientation( 1636): caculateTopActivityRecord isTopRecordVisible  true   currentFocus topActivity:ActivityRecord{fc79cb0 u0 com.ethran.notable/.MainActivity t837}
03-10 17:36:27.159 I/AppsFilter( 1636): interaction: PackageSetting{69d1298 com.ethran.notable/10143} -> PackageSetting{b83805e com.android.modulemetadata/10076} BLOCKED
03-10 17:36:27.159 D/debugOrientation( 1636): ActivityRecord{fc79cb0 u0 com.ethran.notable/.MainActivity t837}  computeOrientation :-1 user set rotation -1
03-10 17:36:27.159 I/AppsFilter( 1636): interaction: PackageSetting{69d1298 com.ethran.notable/10143} -> PackageSetting{ece7c3f com.android.internal.systemui.navbar.threebutton/10003} BLOCKED
03-10 17:36:27.159 I/AppsFilter( 1636): interaction: PackageSetting{69d1298 com.ethran.notable/10143} -> PackageSetting{f80490c com.android.wifi.dialog/10105} BLOCKED
03-10 17:36:27.159 I/AppsFilter( 1636): interaction: PackageSetting{69d1298 com.ethran.notable/10143} -> PackageSetting{b28f255 biblereader.olivetree/10128} BLOCKED
03-10 17:36:27.159 I/AppsFilter( 1636): interaction: PackageSetting{69d1298 com.ethran.notable/10143} -> PackageSetting{272aa04 com.microsoft.office.onenote/10132} BLOCKED
03-10 17:36:27.159 I/AppsFilter( 1636): interaction: PackageSetting{69d1298 com.ethran.notable/10143} -> PackageSetting{d03446a com.android.settings.intelligence/10065} BLOCKED
03-10 17:36:27.159 D/debugOrientation( 1636): caculateTopActivityRecord isTopRecordVisible  true   currentFocus topActivity:ActivityRecord{fc79cb0 u0 com.ethran.notable/.MainActivity t837}
03-10 17:36:27.159 I/AppsFilter( 1636): interaction: PackageSetting{69d1298 com.ethran.notable/10143} -> PackageSetting{d389d5b com.microsoft.office.outlook/10134} BLOCKED
03-10 17:36:27.159 D/debugOrientation( 1636): ActivityRecord{fc79cb0 u0 com.ethran.notable/.MainActivity t837}  computeOrientation :-1 user set rotation -1
03-10 17:36:27.159 I/AppsFilter( 1636): interaction: PackageSetting{69d1298 com.ethran.notable/10143} -> PackageSetting{8535ed1 com.android.printspooler/10033} BLOCKED
03-10 17:36:27.159 I/AppsFilter( 1636): interaction: PackageSetting{69d1298 com.ethran.notable/10143} -> PackageSetting{9093d36 com.android.rkpdapp/10111} BLOCKED
03-10 17:36:27.159 I/AppsFilter( 1636): interaction: PackageSetting{69d1298 com.ethran.notable/10143} -> PackageSetting{6de170d eu.kanade.tachiyomi.yokai/10136} BLOCKED
03-10 17:36:27.159 I/AppsFilter( 1636): interaction: PackageSetting{69d1298 com.ethran.notable/10143} -> PackageSetting{8a3f6c2 com.google.android.apps.docs/10129} BLOCKED
03-10 17:36:27.159 I/AppsFilter( 1636): interaction: PackageSetting{69d1298 com.ethran.notable/10143} -> PackageSetting{db7cbed com.microsoft.office.word/10132} BLOCKED
03-10 17:36:27.159 I/AppsFilter( 1636): interaction: PackageSetting{69d1298 com.ethran.notable/10143} -> PackageSetting{f0b5cd3 org.fdroid.fdroid/10070} BLOCKED
03-10 17:36:27.159 I/AppsFilter( 1636): interaction: PackageSetting{69d1298 com.ethran.notable/10143} -> PackageSetting{c510010 com.google.android.webview/10071} BLOCKED
03-10 17:36:27.159 I/AppsFilter( 1636): interaction: PackageSetting{69d1298 com.ethran.notable/10143} -> PackageSetting{aaa6617 com.microsoft.office.powerpoint/10132} BLOCKED
03-10 17:36:27.159 I/AppsFilter( 1636): interaction: PackageSetting{69d1298 com.ethran.notable/10143} -> PackageSetting{8e21709 com.google.android.contactkeys/10120} BLOCKED
03-10 17:36:27.159 I/AppsFilter( 1636): interaction: PackageSetting{69d1298 com.ethran.notable/10143} -> PackageSetting{53ebd0e com.onyx.kreader/10045} BLOCKED
03-10 17:36:27.159 I/AppsFilter( 1636): interaction: PackageSetting{69d1298 com.ethran.notable/10143} -> PackageSetting{24f32f com.onyx.android.note/10041} BLOCKED
03-10 17:36:27.159 I/AppsFilter( 1636): interaction: PackageSetting{69d1298 com.ethran.notable/10143} -> PackageSetting{72e0d3c com.android.chrome/10125} BLOCKED
03-10 17:36:27.159 I/AppsFilter( 1636): interaction: PackageSetting{69d1298 com.ethran.notable/10143} -> PackageSetting{f0c1ac5 com.android.printservice.recommendation/10032} BLOCKED
03-10 17:36:27.159 I/AppsFilter( 1636): interaction: PackageSetting{69d1298 com.ethran.notable/10143} -> PackageSetting{1ad9c1a com.android.wifi.resources/10103} BLOCKED
03-10 17:36:27.160 I/AppsFilter( 1636): interaction: PackageSetting{69d1298 com.ethran.notable/10143} -> PackageSetting{297934b com.android.theme.font.notoserifsource/10000} BLOCKED
03-10 17:36:27.160 I/AppsFilter( 1636): interaction: PackageSetting{69d1298 com.ethran.notable/10143} -> PackageSetting{e189e41 com.android.internal.display.cutout.emulation.waterfall/10006} BLOCKED
03-10 17:36:27.160 I/AppsFilter( 1636): interaction: PackageSetting{69d1298 com.ethran.notable/10143} -> PackageSetting{7f95fe6 com.android.internal.systemui.navbar.transparent/10004} BLOCKED
03-10 17:36:27.160 I/AppsFilter( 1636): interaction: PackageSetting{69d1298 com.ethran.notable/10143} -> PackageSetting{6b7f13b com.google.android.syncadapters.calendar/10077} BLOCKED
03-10 17:36:27.160 I/AppsFilter( 1636): interaction: PackageSetting{69d1298 com.ethran.notable/10143} -> PackageSetting{24a1927 com.x8bit.bitwarden/10123} BLOCKED
03-10 17:36:27.160 I/AppsFilter( 1636): interaction: PackageSetting{69d1298 com.ethran.notable/10143} -> PackageSetting{860c7d4 com.android.dreams.phototable/10075} BLOCKED
03-10 17:36:27.160 I/AppsFilter( 1636): interaction: PackageSetting{69d1298 com.ethran.notable/10143} -> PackageSetting{fdd7d com.android.smspush/10093} BLOCKED
03-10 17:36:27.160 I/AppsFilter( 1636): interaction: PackageSetting{69d1298 com.ethran.notable/10143} -> PackageSetting{7eb9472 com.android.appsearch.apk/10115} BLOCKED
03-10 17:36:27.160 I/AppsFilter( 1636): interaction: PackageSetting{69d1298 com.ethran.notable/10143} -> PackageSetting{924bbf7 com.android.cts.ctsshim/10110} BLOCKED
03-10 17:36:27.160 I/AppsFilter( 1636): interaction: PackageSetting{69d1298 com.ethran.notable/10143} -> PackageSetting{8b520c3 fr.gaulupeau.apps.InThePoche/10137} BLOCKED
03-10 17:36:27.160 I/AppsFilter( 1636): interaction: PackageSetting{69d1298 com.ethran.notable/10143} -> PackageSetting{eec8d40 com.android.hotspot2.osulogin/10104} BLOCKED
03-10 17:36:27.160 I/AppsFilter( 1636): interaction: PackageSetting{69d1298 com.ethran.notable/10143} -> PackageSetting{d41d479 com.android.companiondevicemanager.auto_generated_characteristics_rro/10014} BLOCKED
03-10 17:36:27.160 I/AppsFilter( 1636): interaction: PackageSetting{69d1298 com.ethran.notable/10143} -> PackageSetting{25a85be com.google.android.gms.location.history/10072} BLOCKED
03-10 17:36:27.160 I/AppsFilter( 1636): interaction: PackageSetting{69d1298 com.ethran.notable/10143} -> PackageSetting{43f061f com.android.internal.systemui.navbar.gestural/10005} BLOCKED
03-10 17:36:27.160 I/AppsFilter( 1636): interaction: PackageSetting{69d1298 com.ethran.notable/10143} -> PackageSetting{dad3d6c com.google.android.overlay.gmsconfig.personalsafety/10013} BLOCKED
03-10 17:36:27.160 I/AppsFilter( 1636): interaction: PackageSetting{69d1298 com.ethran.notable/10143} -> PackageSetting{9023f35 com.android.bluetoothmidiservice/10031} BLOCKED
03-10 17:36:27.160 I/AppsFilter( 1636): interaction: PackageSetting{69d1298 com.ethran.notable/10143} -> PackageSetting{d353fca eu.kanade.tachiyomi.extension.all.komga/10127} BLOCKED
03-10 17:36:27.160 I/AppsFilter( 1636): interaction: PackageSetting{69d1298 com.ethran.notable/10143} -> PackageSetting{957e53b com.qualcomm.qti.gpudrivers.lito.api30/10062} BLOCKED
03-10 17:36:27.160 I/AppsFilter( 1636): interaction: PackageSetting{69d1298 com.ethran.notable/10143} -> PackageSetting{8e6c458 com.qualcomm.qti.server.wigig.tethering.rro/10092} BLOCKED
03-10 17:36:27.160 I/AppsFilter( 1636): interaction: PackageSetting{69d1298 com.ethran.notable/10143} -> PackageSetting{e2499b1 com.android.captiveportallogin/10055} BLOCKED
03-10 17:36:27.160 I/AppsFilter( 1636): interaction: PackageSetting{69d1298 com.ethran.notable/10143} -> PackageSetting{c4f8e96 com.amazon.kindle/10131} BLOCKED
03-10 17:36:27.160 I/AppsFilter( 1636): interaction: PackageSetting{69d1298 com.ethran.notable/10143} -> PackageSetting{9559a17 com.google.android.apps.restore/10066} BLOCKED
03-10 17:36:27.167 V/WindowManagerShell( 2105): Transition requested (#847): android.os.BinderProxy@1b29702 TransitionRequestInfo { type = OPEN, triggerTask = TaskInfo{userId=0 taskId=837 displayId=0 isRunning=true baseIntent=Intent { act=android.intent.action.MAIN cat=[android.intent.category.LAUNCHER] flg=0x10200000 pkg=com.ethran.notable cmp=com.ethran.notable/.MainActivity } baseActivity=ComponentInfo{com.ethran.notable/com.ethran.notable.MainActivity} topActivity=ComponentInfo{com.ethran.notable/com.ethran.notable.MainActivity} origActivity=null realActivity=ComponentInfo{com.ethran.notable/com.ethran.notable.MainActivity} numActivities=2 lastActiveTime=101581030 supportsMultiWindow=true resizeMode=1 isResizeable=true minWidth=-1 minHeight=-1 defaultMinSize=220 token=WCT{android.window.IWindowContainerToken$Stub$Proxy@991813} topActivityType=1 pictureInPictureParams=null shouldDockBigOverlays=false launchIntoPipHostTaskId=-1 lastParentTaskIdBeforePip=-1 displayCutoutSafeInsets=null topActivityInfo=ActivityInfo{8373a50 com.ethran.notable.MainActivity} launchCookies=[] positionInParent=Point(0, 0) parentTaskId=-1 isFocused=true isVisible=true isVisibleRequested=true isSleeping=false locusId=null displayAreaFeatureId=1 isTopActivityTransparent=false appCompatTaskInfo=AppCompatTaskInfo { topActivityInSizeCompat=true topActivityEligibleForLetterboxEducation= falseisLetterboxEducationEnabled= false isLetterboxDoubleTapEnabled= false topActivityEligibleForUserAspectRatioButton= false topActivityBoundsLetterboxed= true isFromLetterboxDoubleTap= false topActivityLetterboxVerticalPosition= -1 topActivityLetterboxHorizontalPosition= -1 topActivityLetterboxWidth=1860 topActivityLetterboxHeight=2480 isUserFullscreenOverrideEnabled=false isSystemFullscreenOverrideEnabled=false cameraCompatTaskInfo=CameraCompatTaskInfo { cameraCompatControlState=hidden freeformCameraCompatMode=inactive}}}, pipTask = null, remoteTransition = null, displayChange = null, flags = 0, debugId = 847 }
03-10 17:36:27.169 I/ActivityTaskManager( 1636): START u0 {flg=0x10000000 cmp=com.ethran.notable/.MainActivity} with LAUNCH_MULTIPLE from uid 2000 (BAL_ALLOW_PERMISSION) result code=0
03-10 17:36:27.177 V/WindowManager( 1636): Sent Transition (#847) createdAt=03-10 17:36:27.151 via request=TransitionRequestInfo { type = OPEN, triggerTask = TaskInfo{userId=0 taskId=837 displayId=0 isRunning=true baseIntent=Intent { act=android.intent.action.MAIN cat=[android.intent.category.LAUNCHER] flg=0x10200000 pkg=com.ethran.notable cmp=com.ethran.notable/.MainActivity } baseActivity=ComponentInfo{com.ethran.notable/com.ethran.notable.MainActivity} topActivity=ComponentInfo{com.ethran.notable/com.ethran.notable.MainActivity} origActivity=null realActivity=ComponentInfo{com.ethran.notable/com.ethran.notable.MainActivity} numActivities=2 lastActiveTime=101581030 supportsMultiWindow=true resizeMode=1 isResizeable=true minWidth=-1 minHeight=-1 defaultMinSize=220 token=WCT{RemoteToken{201ce6f Task{c47b8aa #837 type=standard A=10143:com.ethran.notable}}} topActivityType=1 pictureInPictureParams=null shouldDockBigOverlays=false launchIntoPipHostTaskId=-1 lastParentTaskIdBeforePip=-1 displayCutoutSafeInsets=null topActivityInfo=ActivityInfo{28bf261 com.ethran.notable.MainActivity} launchCookies=[] positionInParent=Point(0, 0) parentTaskId=-1 isFocused=true isVisible=true isVisibleRequested=true isSleeping=false locusId=null displayAreaFeatureId=1 isTopActivityTransparent=false appCompatTaskInfo=AppCompatTaskInfo { topActivityInSizeCompat=true topActivityEligibleForLetterboxEducation= falseisLetterboxEducationEnabled= false isLetterboxDoubleTapEnabled= false topActivityEligibleForUserAspectRatioButton= false topActivityBoundsLetterboxed= true isFromLetterboxDoubleTap= false topActivityLetterboxVerticalPosition= -1 topActivityLetterboxHorizontalPosition= -1 topActivityLetterboxWidth=1860 topActivityLetterboxHeight=2480 isUserFullscreenOverrideEnabled=false isSystemFullscreenOverrideEnabled=false cameraCompatTaskInfo=CameraCompatTaskInfo { cameraCompatControlState=hidden freeformCameraCompatMode=inactive}}}, pipTask = null, remoteTransition = null, displayChange = null, flags = 0, debugId = 847 }
03-10 17:36:27.177 V/WindowManager( 1636):         {null m=OPEN f=STARTING_WINDOW_TRANSFER|FILLS_TASK|IS_BEHIND_STARTING_WINDOW leash=Surface(name=ActivityRecord{fc79cb0 u0 com.ethran.notable/.MainActivity)/@0x5d0826b sb=Rect(0, 0 - 0, 0) eb=Rect(0, 0 - 1860, 2480) d=-1->0 r=-1->0:-1 bc=ff000000 component=com.ethran.notable/.MainActivity},
03-10 17:36:27.177 V/WindowManager( 1636):         {null m=TO_BACK f=FILLS_TASK|IS_BEHIND_STARTING_WINDOW leash=Surface(name=ActivityRecord{a218f95 u0 com.ethran.notable/.MainActivity)/@0x8c653ba sb=Rect(0, 0 - 1860, 2480) eb=Rect(0, 0 - 1860, 2480) d=0 bc=ff000000 component=com.ethran.notable/.MainActivity}
03-10 17:36:27.177 V/WindowManagerShell( 2105): onTransitionReady (#847) android.os.BinderProxy@1b29702: {id=847 t=OPEN f=0x0 trk=0 r=[0@Point(0, 0)] c=[{null m=OPEN f=STARTING_WINDOW_TRANSFER|FILLS_TASK|IS_BEHIND_STARTING_WINDOW leash=Surface(name=ActivityRecord{fc79cb0 u0 com.ethran.notable/.MainActivity)/@0xd286449 sb=Rect(0, 0 - 0, 0) eb=Rect(0, 0 - 1860, 2480) d=-1->0 r=-1->0:-1 bc=ff000000 component=com.ethran.notable/.MainActivity},{null m=TO_BACK f=FILLS_TASK|IS_BEHIND_STARTING_WINDOW leash=Surface(name=ActivityRecord{a218f95 u0 com.ethran.notable/.MainActivity)/@0x237214e sb=Rect(0, 0 - 1860, 2480) eb=Rect(0, 0 - 1860, 2480) d=0 bc=ff000000 component=com.ethran.notable/.MainActivity}]}
03-10 17:36:27.201 I/AppsFilter( 1636): interaction: PackageSetting{69d1298 com.ethran.notable/10143} -> PackageSetting{b22c57b com.android.cts.priv.ctsshim/10109} BLOCKED
03-10 17:36:27.201 I/AppsFilter( 1636): interaction: PackageSetting{69d1298 com.ethran.notable/10143} -> PackageSetting{e1bbf98 com.android.uwb.resources/10096} BLOCKED
03-10 17:36:27.201 I/AppsFilter( 1636): interaction: PackageSetting{69d1298 com.ethran.notable/10143} -> PackageSetting{dc113f1 com.android.internal.display.cutout.emulation.corner/10008} BLOCKED
03-10 17:36:27.201 I/AppsFilter( 1636): interaction: PackageSetting{69d1298 com.ethran.notable/10143} -> PackageSetting{caf1bd6 org.chromium.chrome/10040} BLOCKED
03-10 17:36:27.201 I/AppsFilter( 1636): interaction: PackageSetting{69d1298 com.ethran.notable/10143} -> PackageSetting{e8e3e57 com.tailscale.ipn/10119} BLOCKED
03-10 17:36:27.201 I/AppsFilter( 1636): interaction: PackageSetting{69d1298 com.ethran.notable/10143} -> PackageSetting{7d93d44 com.android.internal.display.cutout.emulation.double/10009} BLOCKED
03-10 17:36:27.201 I/AppsFilter( 1636): interaction: PackageSetting{69d1298 com.ethran.notable/10143} -> PackageSetting{ec1fe2d com.android.healthconnect.controller/10098} BLOCKED
03-10 17:36:27.201 I/AppsFilter( 1636): interaction: PackageSetting{69d1298 com.ethran.notable/10143} -> PackageSetting{7d91f62 md.obsidian/10118} BLOCKED
03-10 17:36:27.201 I/AppsFilter( 1636): interaction: PackageSetting{69d1298 com.ethran.notable/10143} -> PackageSetting{6ce68f3 org.koreader.launcher/10121} BLOCKED
03-10 17:36:27.201 I/AppsFilter( 1636): interaction: PackageSetting{69d1298 com.ethran.notable/10143} -> PackageSetting{8cee9b0 com.android.health.connect.backuprestore/10099} BLOCKED
03-10 17:36:27.201 I/AppsFilter( 1636): interaction: PackageSetting{69d1298 com.ethran.notable/10143} -> PackageSetting{96d5029 com.google.android.ext.shared/10054} BLOCKED
03-10 17:36:27.201 I/AppsFilter( 1636): interaction: PackageSetting{69d1298 com.ethran.notable/10143} -> PackageSetting{aadcfae com.android.virtualmachine.res/10108} BLOCKED
03-10 17:36:27.201 I/AppsFilter( 1636): interaction: PackageSetting{69d1298 com.ethran.notable/10143} -> PackageSetting{fdca14f com.onyx.dict/10035} BLOCKED
03-10 17:36:27.201 I/AppsFilter( 1636): interaction: PackageSetting{69d1298 com.ethran.notable/10143} -> PackageSetting{c30f0dc com.android.providers.telephony.auto_generated_characteristics_rro/10012} BLOCKED
03-10 17:36:27.201 I/AppsFilter( 1636): interaction: PackageSetting{69d1298 com.ethran.notable/10143} -> PackageSetting{61c5e5 com.onyx.android.onyxotaservice/10028} BLOCKED
03-10 17:36:27.202 I/AppsFilter( 1636): interaction: PackageSetting{69d1298 com.ethran.notable/10143} -> PackageSetting{80b38ba com.android.htmlviewer/10044} BLOCKED
03-10 17:36:27.202 I/AppsFilter( 1636): interaction: PackageSetting{69d1298 com.ethran.notable/10143} -> PackageSetting{1ec036b com.android.quicksearchbox/10069} BLOCKED
03-10 17:36:27.202 I/AppsFilter( 1636): interaction: PackageSetting{69d1298 com.ethran.notable/10143} -> PackageSetting{a4a3ec8 com.quicinc.voice.activation/10086} BLOCKED
03-10 17:36:27.202 I/AppsFilter( 1636): interaction: PackageSetting{69d1298 com.ethran.notable/10143} -> PackageSetting{76ddb61 com.onyx.igetshop/10037} BLOCKED
03-10 17:36:27.202 I/AppsFilter( 1636): interaction: PackageSetting{69d1298 com.ethran.notable/10143} -> PackageSetting{a42686 com.openai.chatgpt/10130} BLOCKED
03-10 17:36:27.202 I/AppsFilter( 1636): interaction: PackageSetting{69d1298 com.ethran.notable/10143} -> PackageSetting{2a2b798 org.fossify.filemanager/10135} BLOCKED
03-10 17:36:27.202 I/AppsFilter( 1636): interaction: PackageSetting{69d1298 com.ethran.notable/10143} -> PackageSetting{3287f74 com.google.android.configupdater/10064} BLOCKED
03-10 17:36:27.202 I/AppsFilter( 1636): interaction: PackageSetting{69d1298 com.ethran.notable/10143} -> PackageSetting{6080a96 com.microsoft.office.excel/10132} BLOCKED
03-10 17:36:27.202 I/AppsFilter( 1636): interaction: PackageSetting{69d1298 com.ethran.notable/10143} -> PackageSetting{6cbcc9d com.android.safetycenter.resources/10113} BLOCKED
03-10 17:36:27.202 I/AppsFilter( 1636): interaction: PackageSetting{69d1298 com.ethran.notable/10143} -> PackageSetting{b8c2512 com.microsoft.skydrive/10133} BLOCKED
03-10 17:36:27.202 I/AppsFilter( 1636): interaction: PackageSetting{69d1298 com.ethran.notable/10143} -> PackageSetting{be374e3 com.android.connectivity.resources/10112} BLOCKED
03-10 17:36:27.202 I/AppsFilter( 1636): interaction: PackageSetting{69d1298 com.ethran.notable/10143} -> PackageSetting{8081ee0 com.android.internal.display.cutout.emulation.hole/10010} BLOCKED
03-10 17:36:27.202 I/AppsFilter( 1636): interaction: PackageSetting{69d1298 com.ethran.notable/10143} -> PackageSetting{61d9599 com.android.internal.display.cutout.emulation.tall/10007} BLOCKED
03-10 17:36:27.202 I/AppsFilter( 1636): interaction: PackageSetting{69d1298 com.ethran.notable/10143} -> PackageSetting{b83805e com.android.modulemetadata/10076} BLOCKED
03-10 17:36:27.202 I/AppsFilter( 1636): interaction: PackageSetting{69d1298 com.ethran.notable/10143} -> PackageSetting{ece7c3f com.android.internal.systemui.navbar.threebutton/10003} BLOCKED
03-10 17:36:27.202 I/AppsFilter( 1636): interaction: PackageSetting{69d1298 com.ethran.notable/10143} -> PackageSetting{f80490c com.android.wifi.dialog/10105} BLOCKED
03-10 17:36:27.202 I/AppsFilter( 1636): interaction: PackageSetting{69d1298 com.ethran.notable/10143} -> PackageSetting{b28f255 biblereader.olivetree/10128} BLOCKED
03-10 17:36:27.203 I/AppsFilter( 1636): interaction: PackageSetting{69d1298 com.ethran.notable/10143} -> PackageSetting{272aa04 com.microsoft.office.onenote/10132} BLOCKED
03-10 17:36:27.203 I/AppsFilter( 1636): interaction: PackageSetting{69d1298 com.ethran.notable/10143} -> PackageSetting{d03446a com.android.settings.intelligence/10065} BLOCKED
03-10 17:36:27.203 I/AppsFilter( 1636): interaction: PackageSetting{69d1298 com.ethran.notable/10143} -> PackageSetting{d389d5b com.microsoft.office.outlook/10134} BLOCKED
03-10 17:36:27.203 I/AppsFilter( 1636): interaction: PackageSetting{69d1298 com.ethran.notable/10143} -> PackageSetting{8535ed1 com.android.printspooler/10033} BLOCKED
03-10 17:36:27.203 I/AppsFilter( 1636): interaction: PackageSetting{69d1298 com.ethran.notable/10143} -> PackageSetting{9093d36 com.android.rkpdapp/10111} BLOCKED
03-10 17:36:27.203 I/AppsFilter( 1636): interaction: PackageSetting{69d1298 com.ethran.notable/10143} -> PackageSetting{6de170d eu.kanade.tachiyomi.yokai/10136} BLOCKED
03-10 17:36:27.203 I/AppsFilter( 1636): interaction: PackageSetting{69d1298 com.ethran.notable/10143} -> PackageSetting{8a3f6c2 com.google.android.apps.docs/10129} BLOCKED
03-10 17:36:27.203 I/AppsFilter( 1636): interaction: PackageSetting{69d1298 com.ethran.notable/10143} -> PackageSetting{db7cbed com.microsoft.office.word/10132} BLOCKED
03-10 17:36:27.203 I/AppsFilter( 1636): interaction: PackageSetting{69d1298 com.ethran.notable/10143} -> PackageSetting{f0b5cd3 org.fdroid.fdroid/10070} BLOCKED
03-10 17:36:27.203 I/AppsFilter( 1636): interaction: PackageSetting{69d1298 com.ethran.notable/10143} -> PackageSetting{c510010 com.google.android.webview/10071} BLOCKED
03-10 17:36:27.203 I/AppsFilter( 1636): interaction: PackageSetting{69d1298 com.ethran.notable/10143} -> PackageSetting{aaa6617 com.microsoft.office.powerpoint/10132} BLOCKED
03-10 17:36:27.203 I/AppsFilter( 1636): interaction: PackageSetting{69d1298 com.ethran.notable/10143} -> PackageSetting{8e21709 com.google.android.contactkeys/10120} BLOCKED
03-10 17:36:27.203 I/AppsFilter( 1636): interaction: PackageSetting{69d1298 com.ethran.notable/10143} -> PackageSetting{53ebd0e com.onyx.kreader/10045} BLOCKED
03-10 17:36:27.203 I/AppsFilter( 1636): interaction: PackageSetting{69d1298 com.ethran.notable/10143} -> PackageSetting{24f32f com.onyx.android.note/10041} BLOCKED
03-10 17:36:27.203 I/AppsFilter( 1636): interaction: PackageSetting{69d1298 com.ethran.notable/10143} -> PackageSetting{72e0d3c com.android.chrome/10125} BLOCKED
03-10 17:36:27.203 I/AppsFilter( 1636): interaction: PackageSetting{69d1298 com.ethran.notable/10143} -> PackageSetting{f0c1ac5 com.android.printservice.recommendation/10032} BLOCKED
03-10 17:36:27.203 I/AppsFilter( 1636): interaction: PackageSetting{69d1298 com.ethran.notable/10143} -> PackageSetting{1ad9c1a com.android.wifi.resources/10103} BLOCKED
03-10 17:36:27.203 I/AppsFilter( 1636): interaction: PackageSetting{69d1298 com.ethran.notable/10143} -> PackageSetting{297934b com.android.theme.font.notoserifsource/10000} BLOCKED
03-10 17:36:27.203 I/AppsFilter( 1636): interaction: PackageSetting{69d1298 com.ethran.notable/10143} -> PackageSetting{e189e41 com.android.internal.display.cutout.emulation.waterfall/10006} BLOCKED
03-10 17:36:27.203 I/AppsFilter( 1636): interaction: PackageSetting{69d1298 com.ethran.notable/10143} -> PackageSetting{7f95fe6 com.android.internal.systemui.navbar.transparent/10004} BLOCKED
03-10 17:36:27.203 I/AppsFilter( 1636): interaction: PackageSetting{69d1298 com.ethran.notable/10143} -> PackageSetting{6b7f13b com.google.android.syncadapters.calendar/10077} BLOCKED
03-10 17:36:27.203 I/AppsFilter( 1636): interaction: PackageSetting{69d1298 com.ethran.notable/10143} -> PackageSetting{24a1927 com.x8bit.bitwarden/10123} BLOCKED
03-10 17:36:27.203 I/AppsFilter( 1636): interaction: PackageSetting{69d1298 com.ethran.notable/10143} -> PackageSetting{860c7d4 com.android.dreams.phototable/10075} BLOCKED
03-10 17:36:27.203 I/AppsFilter( 1636): interaction: PackageSetting{69d1298 com.ethran.notable/10143} -> PackageSetting{fdd7d com.android.smspush/10093} BLOCKED
03-10 17:36:27.203 I/AppsFilter( 1636): interaction: PackageSetting{69d1298 com.ethran.notable/10143} -> PackageSetting{7eb9472 com.android.appsearch.apk/10115} BLOCKED
03-10 17:36:27.203 I/AppsFilter( 1636): interaction: PackageSetting{69d1298 com.ethran.notable/10143} -> PackageSetting{924bbf7 com.android.cts.ctsshim/10110} BLOCKED
03-10 17:36:27.203 I/AppsFilter( 1636): interaction: PackageSetting{69d1298 com.ethran.notable/10143} -> PackageSetting{8b520c3 fr.gaulupeau.apps.InThePoche/10137} BLOCKED
03-10 17:36:27.203 I/AppsFilter( 1636): interaction: PackageSetting{69d1298 com.ethran.notable/10143} -> PackageSetting{eec8d40 com.android.hotspot2.osulogin/10104} BLOCKED
03-10 17:36:27.203 I/AppsFilter( 1636): interaction: PackageSetting{69d1298 com.ethran.notable/10143} -> PackageSetting{d41d479 com.android.companiondevicemanager.auto_generated_characteristics_rro/10014} BLOCKED
03-10 17:36:27.203 I/AppsFilter( 1636): interaction: PackageSetting{69d1298 com.ethran.notable/10143} -> PackageSetting{25a85be com.google.android.gms.location.history/10072} BLOCKED
03-10 17:36:27.203 I/AppsFilter( 1636): interaction: PackageSetting{69d1298 com.ethran.notable/10143} -> PackageSetting{43f061f com.android.internal.systemui.navbar.gestural/10005} BLOCKED
03-10 17:36:27.203 I/AppsFilter( 1636): interaction: PackageSetting{69d1298 com.ethran.notable/10143} -> PackageSetting{dad3d6c com.google.android.overlay.gmsconfig.personalsafety/10013} BLOCKED
03-10 17:36:27.204 I/AppsFilter( 1636): interaction: PackageSetting{69d1298 com.ethran.notable/10143} -> PackageSetting{9023f35 com.android.bluetoothmidiservice/10031} BLOCKED
03-10 17:36:27.204 I/AppsFilter( 1636): interaction: PackageSetting{69d1298 com.ethran.notable/10143} -> PackageSetting{d353fca eu.kanade.tachiyomi.extension.all.komga/10127} BLOCKED
03-10 17:36:27.204 I/AppsFilter( 1636): interaction: PackageSetting{69d1298 com.ethran.notable/10143} -> PackageSetting{957e53b com.qualcomm.qti.gpudrivers.lito.api30/10062} BLOCKED
03-10 17:36:27.204 I/AppsFilter( 1636): interaction: PackageSetting{69d1298 com.ethran.notable/10143} -> PackageSetting{8e6c458 com.qualcomm.qti.server.wigig.tethering.rro/10092} BLOCKED
03-10 17:36:27.204 I/AppsFilter( 1636): interaction: PackageSetting{69d1298 com.ethran.notable/10143} -> PackageSetting{e2499b1 com.android.captiveportallogin/10055} BLOCKED
03-10 17:36:27.204 I/AppsFilter( 1636): interaction: PackageSetting{69d1298 com.ethran.notable/10143} -> PackageSetting{c4f8e96 com.amazon.kindle/10131} BLOCKED
03-10 17:36:27.204 I/AppsFilter( 1636): interaction: PackageSetting{69d1298 com.ethran.notable/10143} -> PackageSetting{9559a17 com.google.android.apps.restore/10066} BLOCKED
03-10 17:36:27.213 D/debugOrientation( 1636): caculateTopActivityRecord isTopRecordVisible  true   currentFocus topActivity:ActivityRecord{fc79cb0 u0 com.ethran.notable/.MainActivity t837}
03-10 17:36:27.213 D/debugOrientation( 1636): ActivityRecord{fc79cb0 u0 com.ethran.notable/.MainActivity t837}  computeOrientation :-1 user set rotation -1
03-10 17:36:27.257 I/RxEACUtils( 1475): updateAppDataEACInfo pkgName: com.ethran.notable, isAutoFreeze: true, isEACEnabled: true
03-10 17:36:27.268 I/PhenotypeResourceReader( 2594): unable to find any Phenotype resource metadata for com.ethran.notable
03-10 17:36:27.335 I/FA      (10221):   adb shell setprop debug.firebase.analytics.app com.ethran.notable
03-10 17:36:27.356 I/MainActivity(10221): Notable started
03-10 17:36:27.406 I/RxEACUtils( 1475): updateAppDataEACInfo pkgName: com.ethran.notable, isAutoFreeze: true, isEACEnabled: true
03-10 17:36:27.582 I/RxEACUtils( 1475): updateAppDataEACInfo pkgName: com.ethran.notable, isAutoFreeze: true, isEACEnabled: true
03-10 17:36:27.726 I/RxEACUtils( 1475): updateAppDataEACInfo pkgName: com.ethran.notable, isAutoFreeze: true, isEACEnabled: true
03-10 17:36:27.840 D/CoreBackPreview( 1636): Window{12fa607 u0 com.ethran.notable/com.ethran.notable.MainActivity}: Setting back callback OnBackInvokedCallbackInfo{mCallback=android.window.IOnBackInvokedCallback$Stub$Proxy@24d17cf, mPriority=0, mIsAnimationCallback=false}
03-10 17:36:27.866 D/debugOrientation( 1636): caculateTopActivityRecord isTopRecordVisible  true   currentFocus topActivity:ActivityRecord{fc79cb0 u0 com.ethran.notable/.MainActivity t837}
03-10 17:36:27.866 D/debugOrientation( 1636): ActivityRecord{fc79cb0 u0 com.ethran.notable/.MainActivity t837}  computeOrientation :-1 user set rotation -1
03-10 17:36:27.939 W/ziparchive( 1636): Unable to open '/data/app/~~tVe_s556piJsR3Qrcf06Ow==/com.ethran.notable-9pIauBCdtfIQwxenb69XuQ==/base.dm': No such file or directory
03-10 17:36:27.944 I/ActivityTaskManager( 1636): Displayed com.ethran.notable/.MainActivity for user 0: +790ms
03-10 17:36:27.955 D/debugOrientation( 1636): caculateTopActivityRecord isTopRecordVisible  true   currentFocus topActivity:ActivityRecord{fc79cb0 u0 com.ethran.notable/.MainActivity t837}
03-10 17:36:27.955 D/debugOrientation( 1636): ActivityRecord{fc79cb0 u0 com.ethran.notable/.MainActivity t837}  computeOrientation :-1 user set rotation -1
03-10 17:36:27.959 D/CoreBackPreview( 1636): Window{3bb7fe4 u0 Splash Screen com.ethran.notable EXITING}: Setting back callback null
03-10 17:36:27.964 W/InputManager-JNI( 1636): Input channel object '3bb7fe4 Splash Screen com.ethran.notable (client)' was disposed without first being removed with the input manager!
03-10 17:36:28.012 I/ImeTracker( 1636): com.ethran.notable:ef46039c: onRequestHide at ORIGIN_SERVER reason HIDE_UNSPECIFIED_WINDOW fromUser false
03-10 17:36:28.012 I/ImeTracker( 1636): com.ethran.notable:ef46039c: onCancelled at PHASE_SERVER_SHOULD_HIDE
03-10 17:36:28.040 I/Debug   ( 3383): onStartInput, start by: com.ethran.notable, restart: false
03-10 17:36:28.157 I/NetworkScheduler( 2594): (REDACTED) Error inserting %s
03-10 17:36:28.206 E/Finsky  (31282): [2] ComposeVisualElement Error: veType=70, CVE is already removed from parent
03-10 17:36:28.676 W/FA-SVC  ( 7367): Gms url request failed, app: app.mihon, GOOGLE_ANALYTICS, m1.ms: Exception in CronetUrlRequest: net::ERR_CONNECTION_REFUSED, ErrorCode=7, InternalErrorCode=-102, Retryable=false
03-10 17:36:28.676 W/FA-SVC  ( 7367): Network upload failed. Will retry later. code, error: 0, m1.ms: Exception in CronetUrlRequest: net::ERR_CONNECTION_REFUSED, ErrorCode=7, InternalErrorCode=-102, Retryable=false
03-10 17:36:28.688 I/NetworkScheduler( 2594): (REDACTED) Error inserting %s
03-10 17:36:32.609 D/ProfileInstaller(10221): Installing profile for com.ethran.notable
03-10 17:36:33.265 I/Debug   ( 3383): onStartInput, start by: com.ethran.notable, restart: false
03-10 17:36:33.265 I/ImeTracker(10221): com.ethran.notable:c60d58f6: onRequestShow at ORIGIN_CLIENT reason SHOW_SOFT_INPUT_BY_INSETS_API fromUser false
03-10 17:36:33.276 I/Debug   ( 3383): onStartInput, start by: com.ethran.notable, restart: true
03-10 17:36:33.291 I/Debug   ( 3383): onStartInputView, start by: com.ethran.notable, restart: false
03-10 17:36:33.307 D/debugOrientation( 1636): caculateTopActivityRecord isTopRecordVisible  true   currentFocus topActivity:ActivityRecord{fc79cb0 u0 com.ethran.notable/.MainActivity t837}
03-10 17:36:33.307 D/debugOrientation( 1636): ActivityRecord{fc79cb0 u0 com.ethran.notable/.MainActivity t837}  computeOrientation :-1 user set rotation -1
03-10 17:36:33.413 I/ImeTracker(10221): com.ethran.notable:ff3063fc: onRequestShow at ORIGIN_CLIENT reason SHOW_SOFT_INPUT fromUser false
03-10 17:36:33.445 W/InteractionJankMonitor(10221): Initializing without READ_DEVICE_CONFIG permission. enabled=false, interval=1, missedFrameThreshold=3, frameTimeThreshold=64, package=com.ethran.notable
03-10 17:36:33.456 I/ImeTracker(10221): com.ethran.notable:ff3063fc: onCancelled at PHASE_CLIENT_APPLY_ANIMATION
03-10 17:36:33.993 I/ImeTracker(10221): com.ethran.notable:c60d58f6: onShown
