03-10 17:36:27.203 I/AppsFilter( 1636): interaction: PackageSetting{69d1298 com.ethran.notable/10143} -> PackageSetting{6b7f13b com.google.android.syncadapters.calendar/10077} BLOCKED
03-10 17:36:27.203 I/AppsFilter( 1636): interaction: PackageSetting{69d1298 com.ethran.notable/10143} -> PackageSetting{24a1927 com.x8bit.bitwarden/10123} BLOCKED
03-10 17:36:27.203 I/AppsFilter( 1636): interaction: PackageSetting{69d1298 com.ethran.notable/10143} -> PackageSetting{860c7d4 com.android.dreams.phototable/10075} BLOCKED
03-10 17:36:27.203 I/AppsFilter( 1636): interaction: PackageSetting{69d1298 com.ethran.notable/10143} -> PackageSetting{fdd7d com.android.smspush/10093} BLOCKED
03-10 17:36:27.203 I/AppsFilter( 1636): interaction: PackageSetting{69d1298 com.ethran.notable/10143} -> PackageSetting{7eb9472 com.android.appsearch.apk/10115} BLOCKED
03-10 17:36:27.203 I/AppsFilter( 1636): interaction: PackageSetting{69d1298 com.ethran.notable/10143} -> PackageSetting{924bbf7 com.android.cts.ctsshim/10110} BLOCKED
03-10 17:36:27.203 I/AppsFilter( 1636): interaction: PackageSetting{69d1298 com.ethran.notable/10143} -> PackageSetting{8b520c3 fr.gaulupeau.apps.InThePoche/10137} BLOCKED
03-10 17:36:27.203 I/AppsFilter( 1636): interaction: PackageSetting{69d1298 com.ethran.notable/10143} -> PackageSetting{eec8d40 com.android.hotspot2.osulogin/10104} BLOCKED
03-10 17:36:27.203 I/AppsFilter( 1636): interaction: PackageSetting{69d1298 com.ethran.notable/10143} -> PackageSetting{d41d479 com.android.companiondevicemanager.auto_generated_characteristics_rro/10014} BLOCKED
03-10 17:36:27.203 I/AppsFilter( 1636): interaction: PackageSetting{69d1298 com.ethran.notable/10143} -> PackageSetting{25a85be com.google.android.gms.location.history/10072} BLOCKED
03-10 17:36:27.203 I/AppsFilter( 1636): interaction: PackageSetting{69d1298 com.ethran.notable/10143} -> PackageSetting{43f061f com.android.internal.systemui.navbar.gestural/10005} BLOCKED
03-10 17:36:27.203 I/AppsFilter( 1636): interaction: PackageSetting{69d1298 com.ethran.notable/10143} -> PackageSetting{dad3d6c com.google.android.overlay.gmsconfig.personalsafety/10013} BLOCKED
03-10 17:36:27.204 I/AppsFilter( 1636): interaction: PackageSetting{69d1298 com.ethran.notable/10143} -> PackageSetting{9023f35 com.android.bluetoothmidiservice/10031} BLOCKED
03-10 17:36:27.204 I/AppsFilter( 1636): interaction: PackageSetting{69d1298 com.ethran.notable/10143} -> PackageSetting{d353fca eu.kanade.tachiyomi.extension.all.komga/10127} BLOCKED
03-10 17:36:27.204 I/AppsFilter( 1636): interaction: PackageSetting{69d1298 com.ethran.notable/10143} -> PackageSetting{957e53b com.qualcomm.qti.gpudrivers.lito.api30/10062} BLOCKED
03-10 17:36:27.204 I/AppsFilter( 1636): interaction: PackageSetting{69d1298 com.ethran.notable/10143} -> PackageSetting{8e6c458 com.qualcomm.qti.server.wigig.tethering.rro/10092} BLOCKED
03-10 17:36:27.204 I/AppsFilter( 1636): interaction: PackageSetting{69d1298 com.ethran.notable/10143} -> PackageSetting{e2499b1 com.android.captiveportallogin/10055} BLOCKED
03-10 17:36:27.204 I/AppsFilter( 1636): interaction: PackageSetting{69d1298 com.ethran.notable/10143} -> PackageSetting{c4f8e96 com.amazon.kindle/10131} BLOCKED
03-10 17:36:27.204 I/AppsFilter( 1636): interaction: PackageSetting{69d1298 com.ethran.notable/10143} -> PackageSetting{9559a17 com.google.android.apps.restore/10066} BLOCKED
03-10 17:36:27.213 D/debugOrientation( 1636): caculateTopActivityRecord isTopRecordVisible  true   currentFocus topActivity:ActivityRecord{fc79cb0 u0 com.ethran.notable/.MainActivity t837}
03-10 17:36:27.213 D/debugOrientation( 1636): ActivityRecord{fc79cb0 u0 com.ethran.notable/.MainActivity t837}  computeOrientation :-1 user set rotation -1
03-10 17:36:27.257 I/Benchmark( 1475): getAppConfig ---> 1ms
03-10 17:36:27.257 I/RxEACUtils( 1475): updateAppDataEACInfo pkgName: com.ethran.notable, isAutoFreeze: true, isEACEnabled: true
03-10 17:36:27.258 I/Benchmark( 1475): getAppConfig ---> 1ms
03-10 17:36:27.258 I/RxEACUtils( 1475): updateAppDataEACInfo pkgName: md.obsidian, isAutoFreeze: false, isEACEnabled: true
03-10 17:36:27.259 I/Benchmark( 1475): getAppConfig ---> 1ms
03-10 17:36:27.259 I/RxEACUtils( 1475): updateAppDataEACInfo pkgName: com.onyx.easytransfer, isAutoFreeze: false, isEACEnabled: false
03-10 17:36:27.260 I/Benchmark( 1475): getAppConfig ---> 1ms
03-10 17:36:27.260 I/RxEACUtils( 1475): updateAppDataEACInfo pkgName: com.onyx.mail, isAutoFreeze: false, isEACEnabled: false
03-10 17:36:27.261 I/Benchmark( 1475): getAppConfig ---> 1ms
03-10 17:36:27.261 I/RxEACUtils( 1475): updateAppDataEACInfo pkgName: com.onyx.mail, isAutoFreeze: false, isEACEnabled: false
03-10 17:36:27.262 I/Benchmark( 1475): getAppConfig ---> 1ms
03-10 17:36:27.262 I/RxEACUtils( 1475): updateAppDataEACInfo pkgName: com.x8bit.bitwarden, isAutoFreeze: false, isEACEnabled: true
03-10 17:36:27.263 I/Benchmark( 1475): getAppConfig ---> 1ms
03-10 17:36:27.263 I/RxEACUtils( 1475): updateAppDataEACInfo pkgName: com.android.vending, isAutoFreeze: false, isEACEnabled: true
03-10 17:36:27.264 I/Benchmark( 1475): getAppConfig ---> 1ms
03-10 17:36:27.264 I/RxEACUtils( 1475): updateAppDataEACInfo pkgName: com.tailscale.ipn, isAutoFreeze: false, isEACEnabled: true
03-10 17:36:27.265 I/Benchmark( 1475): getAppConfig ---> 1ms
03-10 17:36:27.265 I/RxEACUtils( 1475): updateAppDataEACInfo pkgName: com.onyx.floatingbutton, isAutoFreeze: false, isEACEnabled: false
03-10 17:36:27.266 I/Benchmark( 1475): getAppConfig ---> 1ms
03-10 17:36:27.266 I/RxEACUtils( 1475): updateAppDataEACInfo pkgName: com.onyx, isAutoFreeze: false, isEACEnabled: false
03-10 17:36:27.268 I/Benchmark( 1475): getAppConfig ---> 2ms
03-10 17:36:27.268 I/RxEACUtils( 1475): updateAppDataEACInfo pkgName: com.onyx.aiassistant, isAutoFreeze: false, isEACEnabled: false
03-10 17:36:27.268 I/PhenotypeResourceReader( 2594): unable to find any Phenotype resource metadata for com.ethran.notable
03-10 17:36:27.269 I/Benchmark( 1475): getAppConfig ---> 1ms
03-10 17:36:27.269 I/RxEACUtils( 1475): updateAppDataEACInfo pkgName: org.chromium.chrome, isAutoFreeze: false, isEACEnabled: true
03-10 17:36:27.270 I/Benchmark( 1475): getAppConfig ---> 1ms
03-10 17:36:27.270 I/RxEACUtils( 1475): updateAppDataEACInfo pkgName: com.microsoft.office.onenote, isAutoFreeze: false, isEACEnabled: true
03-10 17:36:27.271 I/Benchmark( 1475): getAppConfig ---> 1ms
03-10 17:36:27.271 I/RxEACUtils( 1475): updateAppDataEACInfo pkgName: com.onyx.gallery, isAutoFreeze: false, isEACEnabled: false
03-10 17:36:27.272 I/Benchmark( 1475): getAppConfig ---> 1ms
03-10 17:36:27.272 I/RxEACUtils( 1475): updateAppDataEACInfo pkgName: com.onyx, isAutoFreeze: false, isEACEnabled: false
03-10 17:36:27.276 D/IntervalStats( 1636): Unable to parse usage stats packages: [151]
03-10 17:36:27.281 D/IntervalStats( 1636): Unable to parse usage stats packages: [151]
03-10 17:36:27.291 D/AppWidgetServiceImpl( 1636): Trying to notify widget update for package com.onyx with widget id: 5
03-10 17:36:27.293 D/AppWidgetServiceImpl( 1636): Trying to notify widget view data changed
03-10 17:36:27.294 D/IntervalStats( 1636): Unable to parse usage stats packages: [151]
03-10 17:36:27.300 D/CompatChangeReporter(10221): Compat change id reported: 309578419; UID 10143; state: ENABLED
03-10 17:36:27.331 E/.ethran.notable(10221): No package ID 6b found for resource ID 0x6b0b0013.
03-10 17:36:27.334 I/FA      (10221): App measurement initialized, version: 155007
03-10 17:36:27.335 I/FA      (10221): To enable debug logging run: adb shell setprop log.tag.FA VERBOSE
03-10 17:36:27.335 I/FA      (10221): To enable faster debug mode event logging run:
03-10 17:36:27.335 I/FA      (10221):   adb shell setprop debug.firebase.analytics.app com.ethran.notable
03-10 17:36:27.356 I/MainActivity(10221): Notable started
03-10 17:36:27.406 I/Benchmark( 1475): getAppConfig ---> 1ms
03-10 17:36:27.406 I/RxEACUtils( 1475): updateAppDataEACInfo pkgName: com.ethran.notable, isAutoFreeze: true, isEACEnabled: true
03-10 17:36:27.410 I/Benchmark( 1475): getAppConfig ---> 4ms
03-10 17:36:27.410 I/RxEACUtils( 1475): updateAppDataEACInfo pkgName: md.obsidian, isAutoFreeze: false, isEACEnabled: true
03-10 17:36:27.411 I/Benchmark( 1475): getAppConfig ---> 1ms
03-10 17:36:27.411 I/RxEACUtils( 1475): updateAppDataEACInfo pkgName: com.onyx.easytransfer, isAutoFreeze: false, isEACEnabled: false
03-10 17:36:27.412 I/Benchmark( 1475): getAppConfig ---> 1ms
03-10 17:36:27.412 I/RxEACUtils( 1475): updateAppDataEACInfo pkgName: com.onyx.mail, isAutoFreeze: false, isEACEnabled: false
03-10 17:36:27.413 I/DpmTcmClient(10221): RegisterTcmMonitor from: $Proxy2
03-10 17:36:27.414 I/Benchmark( 1475): getAppConfig ---> 2ms
03-10 17:36:27.414 I/RxEACUtils( 1475): updateAppDataEACInfo pkgName: com.onyx.mail, isAutoFreeze: false, isEACEnabled: false
03-10 17:36:27.415 I/Benchmark( 1475): getAppConfig ---> 1ms
03-10 17:36:27.415 I/RxEACUtils( 1475): updateAppDataEACInfo pkgName: com.x8bit.bitwarden, isAutoFreeze: false, isEACEnabled: true
03-10 17:36:27.416 I/Benchmark( 1475): getAppConfig ---> 1ms
03-10 17:36:27.416 I/RxEACUtils( 1475): updateAppDataEACInfo pkgName: com.android.vending, isAutoFreeze: false, isEACEnabled: true
03-10 17:36:27.418 I/Benchmark( 1475): getAppConfig ---> 2ms
03-10 17:36:27.418 I/RxEACUtils( 1475): updateAppDataEACInfo pkgName: com.tailscale.ipn, isAutoFreeze: false, isEACEnabled: true
03-10 17:36:27.419 I/Benchmark( 1475): getAppConfig ---> 1ms
03-10 17:36:27.419 I/RxEACUtils( 1475): updateAppDataEACInfo pkgName: com.onyx.floatingbutton, isAutoFreeze: false, isEACEnabled: false
03-10 17:36:27.420 I/Benchmark( 1475): getAppConfig ---> 1ms
03-10 17:36:27.420 I/RxEACUtils( 1475): updateAppDataEACInfo pkgName: com.onyx, isAutoFreeze: false, isEACEnabled: false
03-10 17:36:27.421 I/Benchmark( 1475): getAppConfig ---> 1ms
03-10 17:36:27.421 I/RxEACUtils( 1475): updateAppDataEACInfo pkgName: com.onyx.aiassistant, isAutoFreeze: false, isEACEnabled: false
03-10 17:36:27.422 I/Benchmark( 1475): getAppConfig ---> 1ms
03-10 17:36:27.422 I/RxEACUtils( 1475): updateAppDataEACInfo pkgName: org.chromium.chrome, isAutoFreeze: false, isEACEnabled: true
03-10 17:36:27.424 I/Benchmark( 1475): getAppConfig ---> 2ms
03-10 17:36:27.424 I/RxEACUtils( 1475): updateAppDataEACInfo pkgName: com.microsoft.office.onenote, isAutoFreeze: false, isEACEnabled: true
03-10 17:36:27.425 I/Benchmark( 1475): getAppConfig ---> 1ms
03-10 17:36:27.425 I/RxEACUtils( 1475): updateAppDataEACInfo pkgName: com.onyx.gallery, isAutoFreeze: false, isEACEnabled: false
03-10 17:36:27.426 I/Benchmark( 1475): getAppConfig ---> 1ms
03-10 17:36:27.426 I/RxEACUtils( 1475): updateAppDataEACInfo pkgName: com.onyx, isAutoFreeze: false, isEACEnabled: false
03-10 17:36:27.429 D/IntervalStats( 1636): Unable to parse usage stats packages: [151]
03-10 17:36:27.432 D/IntervalStats( 1636): Unable to parse usage stats packages: [151]
03-10 17:36:27.440 D/IntervalStats( 1636): Unable to parse usage stats packages: [151]
03-10 17:36:27.442 D/AppWidgetServiceImpl( 1636): Trying to notify widget update for package com.onyx with widget id: 5
03-10 17:36:27.447 D/AppWidgetServiceImpl( 1636): Trying to notify widget view data changed
03-10 17:36:27.462 V/ActivityThread(10221): reportTopResumedActivityChanged - > onActivityTopResumed
03-10 17:36:27.467 D/BoundBrokerSvc( 7367): onBind: Intent { act=com.google.android.gms.measurement.START pkg=com.google.android.gms }
03-10 17:36:27.467 D/BoundBrokerSvc( 7367): Loading bound service for intent: Intent { act=com.google.android.gms.measurement.START pkg=com.google.android.gms }
03-10 17:36:27.477 D/TrafficStats(10221): tagSocket(106) with statsTag=0xffffffff, statsUid=-1
03-10 17:36:27.484 E/EpdcManager( 1112): DT 128
03-10 17:36:27.485 E/HWEpdcManager( 1112): ### EE 1
03-10 17:36:27.491 E/HWEpdcManager( 1112): ET 0
03-10 17:36:27.492 E/HWEpdcManager( 1112): ### AF 10
03-10 17:36:27.503 D/EventBus( 1475): No subscribers registered for event class com.onyx.android.sdk.eac.event.EACTopComponentChangedEvent
03-10 17:36:27.503 D/EventBus( 1475): No subscribers registered for event class org.greenrobot.eventbus.NoSubscriberEvent
03-10 17:36:27.514 I/FA      (10221): Tag Manager is not found and thus will not be used
03-10 17:36:27.582 I/Benchmark( 1475): getAppConfig ---> 2ms
03-10 17:36:27.582 I/RxEACUtils( 1475): updateAppDataEACInfo pkgName: com.ethran.notable, isAutoFreeze: true, isEACEnabled: true
03-10 17:36:27.586 I/Benchmark( 1475): getAppConfig ---> 4ms
03-10 17:36:27.586 I/RxEACUtils( 1475): updateAppDataEACInfo pkgName: md.obsidian, isAutoFreeze: false, isEACEnabled: true
03-10 17:36:27.587 I/Benchmark( 1475): getAppConfig ---> 1ms
03-10 17:36:27.587 I/RxEACUtils( 1475): updateAppDataEACInfo pkgName: com.onyx.easytransfer, isAutoFreeze: false, isEACEnabled: false
03-10 17:36:27.588 I/Benchmark( 1475): getAppConfig ---> 1ms
03-10 17:36:27.588 I/RxEACUtils( 1475): updateAppDataEACInfo pkgName: com.onyx.mail, isAutoFreeze: false, isEACEnabled: false
03-10 17:36:27.590 I/Benchmark( 1475): getAppConfig ---> 2ms
03-10 17:36:27.590 I/RxEACUtils( 1475): updateAppDataEACInfo pkgName: com.onyx.mail, isAutoFreeze: false, isEACEnabled: false
03-10 17:36:27.591 I/Benchmark( 1475): getAppConfig ---> 1ms
03-10 17:36:27.591 I/RxEACUtils( 1475): updateAppDataEACInfo pkgName: com.x8bit.bitwarden, isAutoFreeze: false, isEACEnabled: true
03-10 17:36:27.592 I/Benchmark( 1475): getAppConfig ---> 1ms
03-10 17:36:27.592 I/RxEACUtils( 1475): updateAppDataEACInfo pkgName: com.android.vending, isAutoFreeze: false, isEACEnabled: true
03-10 17:36:27.593 I/Benchmark( 1475): getAppConfig ---> 1ms
03-10 17:36:27.593 I/RxEACUtils( 1475): updateAppDataEACInfo pkgName: com.tailscale.ipn, isAutoFreeze: false, isEACEnabled: true
03-10 17:36:27.594 I/Benchmark( 1475): getAppConfig ---> 1ms
03-10 17:36:27.594 I/RxEACUtils( 1475): updateAppDataEACInfo pkgName: com.onyx.floatingbutton, isAutoFreeze: false, isEACEnabled: false
03-10 17:36:27.596 I/Benchmark( 1475): getAppConfig ---> 1ms
03-10 17:36:27.596 I/RxEACUtils( 1475): updateAppDataEACInfo pkgName: com.onyx, isAutoFreeze: false, isEACEnabled: false
03-10 17:36:27.597 I/Benchmark( 1475): getAppConfig ---> 1ms
03-10 17:36:27.597 I/RxEACUtils( 1475): updateAppDataEACInfo pkgName: com.onyx.aiassistant, isAutoFreeze: false, isEACEnabled: false
03-10 17:36:27.598 I/Benchmark( 1475): getAppConfig ---> 1ms
03-10 17:36:27.598 I/RxEACUtils( 1475): updateAppDataEACInfo pkgName: org.chromium.chrome, isAutoFreeze: false, isEACEnabled: true
03-10 17:36:27.599 I/Benchmark( 1475): getAppConfig ---> 1ms
03-10 17:36:27.599 I/RxEACUtils( 1475): updateAppDataEACInfo pkgName: com.microsoft.office.onenote, isAutoFreeze: false, isEACEnabled: true
03-10 17:36:27.600 I/Benchmark( 1475): getAppConfig ---> 1ms
03-10 17:36:27.600 I/RxEACUtils( 1475): updateAppDataEACInfo pkgName: com.onyx.gallery, isAutoFreeze: false, isEACEnabled: false
03-10 17:36:27.601 I/Benchmark( 1475): getAppConfig ---> 1ms
03-10 17:36:27.601 I/RxEACUtils( 1475): updateAppDataEACInfo pkgName: com.onyx, isAutoFreeze: false, isEACEnabled: false
03-10 17:36:27.604 D/IntervalStats( 1636): Unable to parse usage stats packages: [151]
03-10 17:36:27.607 D/IntervalStats( 1636): Unable to parse usage stats packages: [151]
03-10 17:36:27.610 D/IntervalStats( 1636): Unable to parse usage stats packages: [151]
03-10 17:36:27.618 D/AppWidgetServiceImpl( 1636): Trying to notify widget update for package com.onyx with widget id: 5
03-10 17:36:27.620 D/AppWidgetServiceImpl( 1636): Trying to notify widget view data changed
03-10 17:36:27.674 I/com.onyx( 1475): Background young concurrent copying GC freed 17MB AllocSpace bytes, 0(0B) LOS objects, 17% free, 51MB/63MB, paused 349us,124us total 221.568ms
03-10 17:36:27.726 I/Benchmark( 1475): getAppConfig ---> 1ms
03-10 17:36:27.726 I/RxEACUtils( 1475): updateAppDataEACInfo pkgName: com.ethran.notable, isAutoFreeze: true, isEACEnabled: true
03-10 17:36:27.727 I/Benchmark( 1475): getAppConfig ---> 1ms
03-10 17:36:27.727 I/RxEACUtils( 1475): updateAppDataEACInfo pkgName: md.obsidian, isAutoFreeze: false, isEACEnabled: true
03-10 17:36:27.728 I/Benchmark( 1475): getAppConfig ---> 0ms
03-10 17:36:27.728 I/RxEACUtils( 1475): updateAppDataEACInfo pkgName: com.onyx.easytransfer, isAutoFreeze: false, isEACEnabled: false
03-10 17:36:27.729 I/Benchmark( 1475): getAppConfig ---> 1ms
03-10 17:36:27.729 I/RxEACUtils( 1475): updateAppDataEACInfo pkgName: com.onyx.mail, isAutoFreeze: false, isEACEnabled: false
03-10 17:36:27.730 I/Benchmark( 1475): getAppConfig ---> 1ms
03-10 17:36:27.730 I/RxEACUtils( 1475): updateAppDataEACInfo pkgName: com.onyx.mail, isAutoFreeze: false, isEACEnabled: false
03-10 17:36:27.731 I/Benchmark( 1475): getAppConfig ---> 1ms
03-10 17:36:27.731 I/RxEACUtils( 1475): updateAppDataEACInfo pkgName: com.x8bit.bitwarden, isAutoFreeze: false, isEACEnabled: true
03-10 17:36:27.732 I/Benchmark( 1475): getAppConfig ---> 1ms
03-10 17:36:27.732 I/RxEACUtils( 1475): updateAppDataEACInfo pkgName: com.android.vending, isAutoFreeze: false, isEACEnabled: true
03-10 17:36:27.733 I/Benchmark( 1475): getAppConfig ---> 1ms
03-10 17:36:27.733 I/RxEACUtils( 1475): updateAppDataEACInfo pkgName: com.tailscale.ipn, isAutoFreeze: false, isEACEnabled: true
03-10 17:36:27.734 I/Benchmark( 1475): getAppConfig ---> 1ms
03-10 17:36:27.734 I/RxEACUtils( 1475): updateAppDataEACInfo pkgName: com.onyx.floatingbutton, isAutoFreeze: false, isEACEnabled: false
03-10 17:36:27.735 I/Benchmark( 1475): getAppConfig ---> 1ms
03-10 17:36:27.735 I/RxEACUtils( 1475): updateAppDataEACInfo pkgName: com.onyx, isAutoFreeze: false, isEACEnabled: false
03-10 17:36:27.736 I/Benchmark( 1475): getAppConfig ---> 1ms
03-10 17:36:27.736 I/RxEACUtils( 1475): updateAppDataEACInfo pkgName: com.onyx.aiassistant, isAutoFreeze: false, isEACEnabled: false
03-10 17:36:27.737 I/Benchmark( 1475): getAppConfig ---> 1ms
03-10 17:36:27.737 I/RxEACUtils( 1475): updateAppDataEACInfo pkgName: org.chromium.chrome, isAutoFreeze: false, isEACEnabled: true
03-10 17:36:27.738 I/Benchmark( 1475): getAppConfig ---> 1ms
03-10 17:36:27.738 I/RxEACUtils( 1475): updateAppDataEACInfo pkgName: com.microsoft.office.onenote, isAutoFreeze: false, isEACEnabled: true
03-10 17:36:27.739 I/Benchmark( 1475): getAppConfig ---> 1ms
03-10 17:36:27.739 I/RxEACUtils( 1475): updateAppDataEACInfo pkgName: com.onyx.gallery, isAutoFreeze: false, isEACEnabled: false
03-10 17:36:27.740 I/Benchmark( 1475): getAppConfig ---> 1ms
03-10 17:36:27.740 I/RxEACUtils( 1475): updateAppDataEACInfo pkgName: com.onyx, isAutoFreeze: false, isEACEnabled: false
03-10 17:36:27.748 D/AppWidgetServiceImpl( 1636): Trying to notify widget update for package com.onyx with widget id: 5
03-10 17:36:27.749 D/AppWidgetServiceImpl( 1636): Trying to notify widget view data changed
03-10 17:36:27.840 D/CoreBackPreview( 1636): Window{12fa607 u0 com.ethran.notable/com.ethran.notable.MainActivity}: Setting back callback OnBackInvokedCallbackInfo{mCallback=android.window.IOnBackInvokedCallback$Stub$Proxy@24d17cf, mPriority=0, mIsAnimationCallback=false}
03-10 17:36:27.866 D/debugOrientation( 1636): caculateTopActivityRecord isTopRecordVisible  true   currentFocus topActivity:ActivityRecord{fc79cb0 u0 com.ethran.notable/.MainActivity t837}
03-10 17:36:27.866 D/debugOrientation( 1636): ActivityRecord{fc79cb0 u0 com.ethran.notable/.MainActivity t837}  computeOrientation :-1 user set rotation -1
03-10 17:36:27.867 D/CentralSurfaces( 2105): setStatusBarInvalidateState false
03-10 17:36:27.876 D/EventBus( 3129): No subscribers registered for event class com.onyx.android.sdk.eac.event.EACTopComponentChangedEvent
03-10 17:36:27.876 D/EventBus( 3125): No subscribers registered for event class com.onyx.gallery.event.EACTopComponentChangedEvent
03-10 17:36:27.876 D/EventBus( 3129): No subscribers registered for event class org.greenrobot.eventbus.NoSubscriberEvent
03-10 17:36:27.876 D/EventBus( 3125): No subscribers registered for event class org.greenrobot.eventbus.NoSubscriberEvent
03-10 17:36:27.881 W/.ethran.notable(10221): type=1400 audit(0.0:20500): avc:  denied  { read } for  name="u:object_r:vendor_display_prop:s0" dev="tmpfs" ino=10756 scontext=u:r:untrusted_app:s0:c143,c256,c512,c768 tcontext=u:object_r:vendor_display_prop:s0 tclass=file permissive=0 app=com.tailscale.ipn
03-10 17:36:27.882 W/libc    (10221): Access denied finding property "vendor.display.enable_optimal_refresh_rate"
03-10 17:36:27.885 I/AdrenoGLES-0(10221): QUALCOMM build                   : 0a31cc5b53, I80d2918b26
03-10 17:36:27.885 I/AdrenoGLES-0(10221): Build Date                       : 09/27/23
03-10 17:36:27.885 I/AdrenoGLES-0(10221): OpenGL ES Shader Compiler Version: EV031.32.02.17
03-10 17:36:27.885 I/AdrenoGLES-0(10221): Local Branch                     : 
03-10 17:36:27.885 I/AdrenoGLES-0(10221): Remote Branch                    : 
03-10 17:36:27.885 I/AdrenoGLES-0(10221): Remote Branch                    : 
03-10 17:36:27.885 I/AdrenoGLES-0(10221): Reconstruct Branch               : 
03-10 17:36:27.885 I/AdrenoGLES-0(10221): Build Config                     : S P 10.0.7 AArch64
03-10 17:36:27.885 I/AdrenoGLES-0(10221): Driver Path                      : /vendor/lib64/egl/libGLESv2_adreno.so
03-10 17:36:27.889 D/EventBus(18229): No subscribers registered for event class com.onyx.dict.common.event.StatusBarChangedEvent
03-10 17:36:27.889 D/EventBus(18229): No subscribers registered for event class org.greenrobot.eventbus.NoSubscriberEvent
03-10 17:36:27.889 D/EventBus(18229): No subscribers registered for event class com.onyx.dict.common.event.StatusBarChangedEvent
03-10 17:36:27.889 D/EventBus(18229): No subscribers registered for event class org.greenrobot.eventbus.NoSubscriberEvent
03-10 17:36:27.890 I/GlobalSystemUIChangeReceiver( 3125): onStatusBarChanged false
03-10 17:36:27.890 D/EventBus( 3125): No subscribers registered for event class com.onyx.gallery.event.StatusBarDisplayEvent
03-10 17:36:27.890 D/EventBus( 3125): No subscribers registered for event class org.greenrobot.eventbus.NoSubscriberEvent
03-10 17:36:27.891 I/ExtraIntentReceiver( 3125): onReceive com.android.systemui.STATUS_BAR_HIDE_ACTION
03-10 17:36:27.893 I/AdrenoGLES-0(10221): PFP: 0x016ee197, ME: 0x00000000
03-10 17:36:27.939 W/ziparchive( 1636): Unable to open '/data/app/~~tVe_s556piJsR3Qrcf06Ow==/com.ethran.notable-9pIauBCdtfIQwxenb69XuQ==/base.dm': No such file or directory
03-10 17:36:27.944 I/ActivityTaskManager( 1636): Displayed com.ethran.notable/.MainActivity for user 0: +790ms
03-10 17:36:27.955 D/debugOrientation( 1636): caculateTopActivityRecord isTopRecordVisible  true   currentFocus topActivity:ActivityRecord{fc79cb0 u0 com.ethran.notable/.MainActivity t837}
03-10 17:36:27.955 D/debugOrientation( 1636): ActivityRecord{fc79cb0 u0 com.ethran.notable/.MainActivity t837}  computeOrientation :-1 user set rotation -1
03-10 17:36:27.959 W/WindowOnBackDispatcher( 2105): sendCancelIfRunning: isInProgress=false callback=android.view.ViewRootImpl$$ExternalSyntheticLambda12@bc46f1c
03-10 17:36:27.959 D/CoreBackPreview( 1636): Window{3bb7fe4 u0 Splash Screen com.ethran.notable EXITING}: Setting back callback null
03-10 17:36:27.964 W/InputManager-JNI( 1636): Input channel object '3bb7fe4 Splash Screen com.ethran.notable (client)' was disposed without first being removed with the input manager!
03-10 17:36:27.988 D/MainActivity(10221): OnWindowFocusChanged: true
03-10 17:36:27.990 W/DynamicDDSService( 2318): appName is not found in cache: com.android.vending
03-10 17:36:27.996 W/DynamicDDSService( 2318): appName is not found in cache: com.tailscale.ipn
03-10 17:36:28.004 W/DynamicDDSService( 2318): appName is not found in cache: org.chromium.chrome
03-10 17:36:28.011 D/AdvertisingIdClient( 7367): AdvertisingIdClient already created.
03-10 17:36:28.011 D/AdvertisingIdClient( 7367): AdvertisingIdClient is not bounded. Starting to bind it...
03-10 17:36:28.012 I/ImeTracker( 1636): com.ethran.notable:ef46039c: onRequestHide at ORIGIN_SERVER reason HIDE_UNSPECIFIED_WINDOW fromUser false
03-10 17:36:28.012 I/ImeTracker( 1636): com.ethran.notable:ef46039c: onCancelled at PHASE_SERVER_SHOULD_HIDE
03-10 17:36:28.020 I/ActivityManager( 1636): Killing 26600:com.google.android.syncadapters.calendar/u0a77 (adj 985): empty #31
03-10 17:36:28.020 W/UsageStatsService( 1636): Unexpected activity event reported! (com.tailscale.ipn/com.tailscale.ipn.MainActivity event : 23 instanceId : 68845639)
03-10 17:36:28.021 I/ActivityManager( 1636): Killing 3281:system:ui/1000 (adj 985): empty #32
03-10 17:36:28.022 I/ActivityManager( 1636): Killing 3151:com.onyx.android.ksync:KCommonHwrService/1000 (adj 985): empty #33
03-10 17:36:28.027 I/FontLog ( 2594): (REDACTED) Received query %s, URI %s
03-10 17:36:28.027 I/FontLog ( 2594): (REDACTED) Query [%s] resolved to %s
03-10 17:36:28.028 I/FontLog ( 2594): (REDACTED) Fetch %s end status %s
03-10 17:36:28.031 I/FontLog ( 2594): (REDACTED) Pulling font file for id = %d, cache size = %d
03-10 17:36:28.035 D/AdvertisingIdClient( 7367): AdvertisingIdClient is bounded
03-10 17:36:28.036 I/FontLog ( 2594): (REDACTED) Pulling font file for id = %d, cache size = %d
03-10 17:36:28.040 I/Debug   ( 3383): onFinishInput
03-10 17:36:28.040 I/Debug   ( 3383): onStartInput, start by: com.ethran.notable, restart: false
03-10 17:36:28.045 I/AdvertisingIdClient( 7367): shouldSendLog 98829615
03-10 17:36:28.045 I/AdvertisingIdClient( 7367): GetInfoInternal elapse 34ms
03-10 17:36:28.055 I/Debug   ( 3383): schemaId: english
03-10 17:36:28.061 W/cr_ContextualSearch( 5482): Warning, the 0 state was aborted.
03-10 17:36:28.064 I/Rime    ( 3383): message: [option] !ascii_mode
03-10 17:36:28.077 D/BoundBrokerSvc( 2594): onRebind: Intent { act=com.google.android.gms.common.telemetry.service.START dat=chimera-action:/... cmp=com.google.android.gms/.chimera.PersistentApiService }
03-10 17:36:28.088 I/AdvertisingIdClient( 7367): getting error as 17: API: ClientTelemetry.API is not available on this device. Connection failed with: ConnectionResult{statusCode=API_DISABLED_FOR_CONNECTION, resolution=null, message=null, clientMethodKey=null}
03-10 17:36:28.117 E/cr_CompositorSurfaceMgr( 5482): SurfaceState : detach from parent : 0
03-10 17:36:28.123 D/BoundBrokerSvc( 2594): onRebind: Intent { act=com.google.android.gms.presencemanager.service.START dat=chimera-action:/... cmp=com.google.android.gms/.chimera.PersistentApiService }
03-10 17:36:28.131 I/vendor.qti.bluetooth@1.0-ibs_handler( 1036): DeviceSleep: TX Awake, Sending SLEEP_IND
03-10 17:36:28.131 D/vendor.qti.bluetooth@1.0-ibs_handler( 1036): SerialClockVote: vote for UART CLK OFF
03-10 17:36:28.140 D/BoundBrokerSvc( 2594): onRebind: Intent { act=com.google.android.gms.presencemanager.service.INTERNAL_IDENTITY dat=chimera-action:/... cmp=com.google.android.gms/.chimera.PersistentApiService }
03-10 17:36:28.141 E/ocessService0:0( 4210): failed to create Unix domain socket: Operation not permitted
03-10 17:36:28.141 E/ocessService0:1(27262): failed to create Unix domain socket: Operation not permitted
03-10 17:36:28.157 I/NetworkScheduler( 2594): (REDACTED) Error inserting %s
03-10 17:36:28.175 W/ActivityManager( 1636): setHasOverlayUi called on unknown pid: 3281
03-10 17:36:28.184 I/Zygote  (  893): Process 3281 exited due to signal 9 (Killed)
03-10 17:36:28.206 E/Finsky  (31282): [2] ComposeVisualElement Error: veType=70, CVE is already removed from parent
03-10 17:36:28.211 I/libprocessgroup( 1636): Removed cgroup /sys/fs/cgroup/uid_10077/pid_26600
03-10 17:36:28.211 I/libprocessgroup( 1636): Removed cgroup /sys/fs/cgroup/uid_1000/pid_3281
03-10 17:36:28.211 I/Zygote  (  893): Process 26600 exited due to signal 9 (Killed)
03-10 17:36:28.211 D/DisplayManagerService( 1636): Drop pending events for gone uid 10077
03-10 17:36:28.215 I/VaultTagScanner(10221): Scanning 2 markdown files for tags
03-10 17:36:28.221 I/VaultTagScanner(10221): Tag cache refreshed: 0 tags
03-10 17:36:28.245 I/libprocessgroup( 1636): Removed cgroup /sys/fs/cgroup/uid_1000/pid_3151
03-10 17:36:28.245 I/Zygote  (  893): Process 3151 exited due to signal 9 (Killed)
03-10 17:36:28.282 D/vendor.qti.bluetooth@1.0-wake_lock( 1036): Release wakelock is released 
03-10 17:36:28.292 W/WindowOnBackDispatcher(31282): sendCancelIfRunning: isInProgress=false callback=android.app.Activity$$ExternalSyntheticLambda0@f46476b
03-10 17:36:28.293 D/CoreBackPreview( 1636): Window{b91264 u0 com.android.vending/com.android.vending.AssetBrowserActivity}: Setting back callback null
03-10 17:36:28.360 W/id.apps.restore( 6648): Reducing the number of considered missed Gc histogram windows from 393 to 100
03-10 17:36:28.376 W/InputManager-JNI( 1636): Input channel object 'b91264 com.android.vending/com.android.vending.AssetBrowserActivity (client)' was disposed without first being removed with the input manager!
03-10 17:36:28.381 W/UsageStatsService( 1636): Unexpected activity event reported! (com.android.vending/com.google.android.finsky.activities.MainActivity event : 23 instanceId : 120709782)
03-10 17:36:28.434 I/ActivityManager( 1636): Killing 4210:org.chromium.chrome:sandboxed_process0:org.chromium.content.app.SandboxedProcessService0:0/u0a40i-9000 (adj 0): isolated not needed
03-10 17:36:28.439 V/ClearcutMetricXmitter( 6648): Transmission is done.
03-10 17:36:28.455 D/TrafficStats(10221): tagSocket(129) with statsTag=0xffffffff, statsUid=-1
03-10 17:36:28.472 I/MediaFocusControl( 1636): abandonAudioFocus() from uid/pid 10040/5482 clientId=android.media.AudioManager@f40d257org.chromium.content.browser.AudioFocusDelegate@4fa4144
03-10 17:36:28.482 E/ClipboardService( 1636): Denying clipboard access to org.chromium.chrome, application is not in focus nor is it a system service for user 0
03-10 17:36:28.486 W/WindowOnBackDispatcher( 5482): sendCancelIfRunning: isInProgress=false callback=android.view.ViewRootImpl$$ExternalSyntheticLambda12@d6d79b4
03-10 17:36:28.487 D/CoreBackPreview( 1636): Window{8d7f89d u0 org.chromium.chrome/com.google.android.apps.chrome.Main}: Setting back callback null
03-10 17:36:28.494 D/DisplayManagerService( 1636): Drop pending events for gone uid 90000
03-10 17:36:28.503 W/InputManager-JNI( 1636): Input channel object '8d7f89d org.chromium.chrome/com.google.android.apps.chrome.Main (client)' was disposed without first being removed with the input manager!
03-10 17:36:28.505 I/Zygote  ( 4181): Process 4210 exited due to signal 9 (Killed)
03-10 17:36:28.507 I/libprocessgroup( 1636): Removed cgroup /sys/fs/cgroup/uid_90000/pid_4210
03-10 17:36:28.508 E/KernelCpuSpeedReader( 1636): Failed to read cpu-freq: /sys/devices/system/cpu/cpu6/cpufreq/stats/time_in_state: open failed: ENOENT (No such file or directory)
03-10 17:36:28.509 W/UsageStatsService( 1636): Unexpected activity event reported! (org.chromium.chrome/org.chromium.chrome.browser.ChromeTabbedActivity event : 23 instanceId : 249774426)
03-10 17:36:28.509 E/KernelCpuSpeedReader( 1636): Failed to read cpu-freq: /sys/devices/system/cpu/cpu0/cpufreq/stats/time_in_state: open failed: ENOENT (No such file or directory)
03-10 17:36:28.647 W/FA-SVC  ( 7367): Failed to get uid, app: app.mihon
03-10 17:36:28.666 D/PageDataManager(10221): Cancelling loading pages, ignoring: []
03-10 17:36:28.666 D/TrafficStats( 7367): tagSocket(81) with statsTag=0x4003300, statsUid=-1
03-10 17:36:28.671 D/TrafficStats( 7367): tagSocket(81) with statsTag=0x4003300, statsUid=-1
03-10 17:36:28.676 W/FA-SVC  ( 7367): Gms url request failed, app: app.mihon, GOOGLE_ANALYTICS, m1.ms: Exception in CronetUrlRequest: net::ERR_CONNECTION_REFUSED, ErrorCode=7, InternalErrorCode=-102, Retryable=false
03-10 17:36:28.676 W/FA-SVC  ( 7367): Network upload failed. Will retry later. code, error: 0, m1.ms: Exception in CronetUrlRequest: net::ERR_CONNECTION_REFUSED, ErrorCode=7, InternalErrorCode=-102, Retryable=false
03-10 17:36:28.688 I/NetworkScheduler( 2594): (REDACTED) Error inserting %s
03-10 17:36:28.790 D/CompatChangeReporter( 1636): Compat change id reported: 319212206; UID 10143; state: ENABLED
03-10 17:36:28.793 D/ConnectivityService( 1636): NetReassign [no changes] [c 1] [a 1] [i 1]
03-10 17:36:28.999 I/.ethran.notable(10221): Compiler allocated 5318KB to compile void android.view.ViewRootImpl.performTraversals()
03-10 17:36:29.092 D/PowerManagerService( 1636):  ========== Enter idle mode ========== 
03-10 17:36:29.092 D/OnyxPowerManager( 1636):  ========== GOING_TO_IDLE ========== 
03-10 17:36:29.093 D/OnyxPowerManager( 1636):  ========== Setup standby alarm: 600000 ========== 
03-10 17:36:29.096 D/OnyxPowerManager( 1636):  ========== setKernelPowerModeImp: freeze ========== 
03-10 17:36:29.096 D/OnyxPowerManager( 1636):  ========== setCurrentPowerMode: 1 ========== 
03-10 17:36:29.096 D/OnyxPowerManager( 1636):  ========== IDLE_DONE ========== 
03-10 17:36:29.097 V/DisplayPowerController2[0]( 1636): Brightness [0.05] reason changing to: 'manual [ dim ]', previous reason: 'manual'.
03-10 17:36:29.097 I/DisplayPowerController2[0]( 1636): BrightnessEvent: disp=0, physDisp=local:4630946716506123905, displayState=ON, displayPolicy=DIM, brt=0.05, initBrt=0.39763778, rcmdBrt=NaN, preBrt=NaN, lux=0.0, preLux=0.0, hbmMax=1.0, hbmMode=off, rbcStrength=50, thrmMax=1.0, powerFactor=1.0, wasShortTermModelActive=false, flags=, reason=manual [ dim ], autoBrightness=false, strategy=InvalidBrightnessStrategy, autoBrightnessMode=default
03-10 17:36:29.098 D/DisplayManagerService( 1636): Ignore redundant display event 0/4 to 10049/989
03-10 17:36:29.099 D/DisplayManagerService( 1636): Ignore redundant display event 0/4 to 10026/5309
03-10 17:36:29.099 D/DisplayManagerService( 1636): Ignore redundant display event 0/4 to 10040/5482
03-10 17:36:29.099 D/DisplayManagerService( 1636): Ignore redundant display event 0/4 to 10057/5896
03-10 17:36:29.099 D/DisplayManagerService( 1636): Ignore redundant display event 0/4 to 10029/15764
03-10 17:36:29.099 D/DisplayManagerService( 1636): Ignore redundant display event 0/4 to 10118/27173
03-10 17:36:29.099 D/DisplayManagerService( 1636): Ignore redundant display event 0/4 to 10067/31282
